[0.017s] Invoking command in '/home/subin/subin_ws/ADS_Mission_Normal/build/ad_msgs': CMAKE_PREFIX_PATH=${CMAKE_PREFIX_PATH}:/opt/ros/humble /usr/bin/cmake /home/subin/subin_ws/ADS_Mission_Normal/src/rte/msg/ad_msgs -DCMAKE_INSTALL_PREFIX=/home/subin/subin_ws/ADS_Mission_Normal/install/ad_msgs
[0.227s] -- The C compiler identification is GNU 11.4.0
[0.957s] -- The CXX compiler identification is GNU 11.4.0
[1.500s] -- Detecting C compiler ABI info
[1.736s] -- Detecting C compiler ABI info - done
[1.745s] -- Check for working C compiler: /usr/bin/cc - skipped
[1.746s] -- Detecting C compile features
[1.746s] -- Detecting C compile features - done
[1.748s] -- Detecting CXX compiler ABI info
[1.983s] -- Detecting CXX compiler ABI info - done
[1.989s] -- Check for working CXX compiler: /usr/bin/c++ - skipped
[1.989s] -- Detecting CXX compile features
[1.990s] -- Detecting CXX compile features - done
[1.992s] -- Found ament_cmake: 1.3.12 (/opt/ros/humble/share/ament_cmake/cmake)
[2.195s] -- Found Python3: /usr/bin/python3 (found version "3.10.12") found components: Interpreter 
[2.356s] -- Found rosidl_default_generators: 1.2.0 (/opt/ros/humble/share/rosidl_default_generators/cmake)
[2.360s] -- Using all available rosidl_typesupport_c: rosidl_typesupport_fastrtps_c;rosidl_typesupport_introspection_c
[2.366s] -- Found rosidl_adapter: 3.1.7 (/opt/ros/humble/share/rosidl_adapter/cmake)
[2.617s] -- Using all available rosidl_typesupport_cpp: rosidl_typesupport_fastrtps_cpp;rosidl_typesupport_introspection_cpp
[2.655s] -- Found std_msgs: 4.9.0 (/opt/ros/humble/share/std_msgs/cmake)
[2.682s] -- Found geometry_msgs: 4.9.0 (/opt/ros/humble/share/geometry_msgs/cmake)
[2.696s] -- Found visualization_msgs: 4.9.0 (/opt/ros/humble/share/visualization_msgs/cmake)
[2.752s] -- Found nav_msgs: 4.9.0 (/opt/ros/humble/share/nav_msgs/cmake)
[3.187s] -- Found ament_cmake_ros: 0.10.0 (/opt/ros/humble/share/ament_cmake_ros/cmake)
[3.499s] -- Using all available rosidl_typesupport_c: rosidl_typesupport_fastrtps_c;rosidl_typesupport_introspection_c
[3.912s] -- Using all available rosidl_typesupport_cpp: rosidl_typesupport_fastrtps_cpp;rosidl_typesupport_introspection_cpp
[4.094s] -- Found PythonInterp: /usr/bin/python3 (found suitable version "3.10.12", minimum required is "3.6") 
[4.095s] -- Found python_cmake_module: 0.10.0 (/opt/ros/humble/share/python_cmake_module/cmake)
[4.734s] -- Found PythonLibs: /usr/lib/x86_64-linux-gnu/libpython3.10.so (found suitable version "3.10.12", minimum required is "3.5") 
[4.735s] -- Using PYTHON_EXECUTABLE: /usr/bin/python3
[4.735s] -- Using PYTHON_INCLUDE_DIRS: /usr/include/python3.10
[4.735s] -- Using PYTHON_LIBRARIES: /usr/lib/x86_64-linux-gnu/libpython3.10.so
[4.755s] -- Found PythonExtra: .so  
[4.915s] -- Configuring done
[4.978s] -- Generating done
[4.995s] -- Build files have been written to: /home/subin/subin_ws/ADS_Mission_Normal/build/ad_msgs
[5.007s] Invoked command in '/home/subin/subin_ws/ADS_Mission_Normal/build/ad_msgs' returned '0': CMAKE_PREFIX_PATH=${CMAKE_PREFIX_PATH}:/opt/ros/humble /usr/bin/cmake /home/subin/subin_ws/ADS_Mission_Normal/src/rte/msg/ad_msgs -DCMAKE_INSTALL_PREFIX=/home/subin/subin_ws/ADS_Mission_Normal/install/ad_msgs
[5.009s] Invoking command in '/home/subin/subin_ws/ADS_Mission_Normal/build/ad_msgs': CMAKE_PREFIX_PATH=${CMAKE_PREFIX_PATH}:/opt/ros/humble /usr/bin/cmake --build /home/subin/subin_ws/ADS_Mission_Normal/build/ad_msgs -- -j22 -l22
[5.048s] [  1%] [34m[1mGenerating C code for ROS interfaces[0m
[5.059s] [  1%] [34m[1mGenerating C++ code for ROS interfaces[0m
[5.065s] [  1%] Built target ament_cmake_python_copy_ad_msgs
[5.310s] running egg_info
[5.311s] creating ad_msgs.egg-info
[5.312s] writing ad_msgs.egg-info/PKG-INFO
[5.312s] writing dependency_links to ad_msgs.egg-info/dependency_links.txt
[5.312s] writing top-level names to ad_msgs.egg-info/top_level.txt
[5.312s] writing manifest file 'ad_msgs.egg-info/SOURCES.txt'
[5.315s] reading manifest file 'ad_msgs.egg-info/SOURCES.txt'
[5.316s] writing manifest file 'ad_msgs.egg-info/SOURCES.txt'
[5.351s] [  1%] Built target ament_cmake_python_build_ad_msgs_egg
[5.741s] [  1%] Built target ad_msgs__cpp
[5.756s] [  2%] [34m[1mGenerating C++ type support for eProsima Fast-RTPS[0m
[5.756s] [  3%] [34m[1mGenerating C++ type support dispatch for ROS interfaces[0m
[5.763s] [  4%] [34m[1mGenerating C++ introspection for ROS interfaces[0m
[5.790s] [  5%] [32mBuilding C object CMakeFiles/ad_msgs__rosidl_generator_c.dir/rosidl_generator_c/ad_msgs/msg/detail/vehicle_command__functions.c.o[0m
[5.790s] [  6%] [32mBuilding C object CMakeFiles/ad_msgs__rosidl_generator_c.dir/rosidl_generator_c/ad_msgs/msg/detail/polyfit_lane_data__functions.c.o[0m
[5.791s] [  8%] [32mBuilding C object CMakeFiles/ad_msgs__rosidl_generator_c.dir/rosidl_generator_c/ad_msgs/msg/detail/mission__functions.c.o[0m
[5.791s] [  9%] [32mBuilding C object CMakeFiles/ad_msgs__rosidl_generator_c.dir/rosidl_generator_c/ad_msgs/msg/detail/mission_region__functions.c.o[0m
[5.792s] [  8%] [32mBuilding C object CMakeFiles/ad_msgs__rosidl_generator_c.dir/rosidl_generator_c/ad_msgs/msg/detail/vehicle_state__functions.c.o[0m
[5.792s] [ 11%] [32mBuilding C object CMakeFiles/ad_msgs__rosidl_generator_c.dir/rosidl_generator_c/ad_msgs/msg/detail/mission_object__functions.c.o[0m
[5.792s] [ 11%] [32mBuilding C object CMakeFiles/ad_msgs__rosidl_generator_c.dir/rosidl_generator_c/ad_msgs/msg/detail/mission_display__functions.c.o[0m
[5.793s] [ 12%] [32mBuilding C object CMakeFiles/ad_msgs__rosidl_generator_c.dir/rosidl_generator_c/ad_msgs/msg/detail/lane_point_data__functions.c.o[0m
[5.793s] [ 13%] [32mBuilding C object CMakeFiles/ad_msgs__rosidl_generator_c.dir/rosidl_generator_c/ad_msgs/msg/detail/lane_point_data_array__functions.c.o[0m
[5.799s] [ 14%] [32mBuilding C object CMakeFiles/ad_msgs__rosidl_generator_c.dir/rosidl_generator_c/ad_msgs/msg/detail/polyfit_lane_data_array__functions.c.o[0m
[5.870s] [ 15%] [32m[1mLinking C shared library libad_msgs__rosidl_generator_c.so[0m
[6.072s] [ 15%] Built target ad_msgs__rosidl_generator_c
[6.083s] [ 16%] [34m[1mGenerating C introspection for ROS interfaces[0m
[6.083s] [ 17%] [34m[1mGenerating C type support for eProsima Fast-RTPS[0m
[6.085s] [ 18%] [34m[1mGenerating C type support dispatch for ROS interfaces[0m
[6.220s] [ 19%] [32mBuilding CXX object CMakeFiles/ad_msgs__rosidl_typesupport_cpp.dir/rosidl_typesupport_cpp/ad_msgs/msg/mission__type_support.cpp.o[0m
[6.221s] [ 20%] [32mBuilding CXX object CMakeFiles/ad_msgs__rosidl_typesupport_cpp.dir/rosidl_typesupport_cpp/ad_msgs/msg/mission_region__type_support.cpp.o[0m
[6.221s] [ 22%] [32mBuilding CXX object CMakeFiles/ad_msgs__rosidl_typesupport_cpp.dir/rosidl_typesupport_cpp/ad_msgs/msg/polyfit_lane_data__type_support.cpp.o[0m
[6.221s] [ 22%] [32mBuilding CXX object CMakeFiles/ad_msgs__rosidl_typesupport_cpp.dir/rosidl_typesupport_cpp/ad_msgs/msg/vehicle_command__type_support.cpp.o[0m
[6.222s] [ 23%] [32mBuilding CXX object CMakeFiles/ad_msgs__rosidl_typesupport_cpp.dir/rosidl_typesupport_cpp/ad_msgs/msg/polyfit_lane_data_array__type_support.cpp.o[0m
[6.222s] [ 24%] [32mBuilding CXX object CMakeFiles/ad_msgs__rosidl_typesupport_cpp.dir/rosidl_typesupport_cpp/ad_msgs/msg/mission_display__type_support.cpp.o[0m
[6.223s] [ 25%] [32mBuilding CXX object CMakeFiles/ad_msgs__rosidl_typesupport_cpp.dir/rosidl_typesupport_cpp/ad_msgs/msg/lane_point_data_array__type_support.cpp.o[0m
[6.223s] [ 26%] [32mBuilding CXX object CMakeFiles/ad_msgs__rosidl_typesupport_cpp.dir/rosidl_typesupport_cpp/ad_msgs/msg/vehicle_state__type_support.cpp.o[0m
[6.225s] [ 27%] [32mBuilding CXX object CMakeFiles/ad_msgs__rosidl_typesupport_cpp.dir/rosidl_typesupport_cpp/ad_msgs/msg/mission_object__type_support.cpp.o[0m
[6.225s] [ 28%] [32mBuilding CXX object CMakeFiles/ad_msgs__rosidl_typesupport_cpp.dir/rosidl_typesupport_cpp/ad_msgs/msg/lane_point_data__type_support.cpp.o[0m
[6.632s] [ 29%] [32mBuilding CXX object CMakeFiles/ad_msgs__rosidl_typesupport_introspection_cpp.dir/rosidl_typesupport_introspection_cpp/ad_msgs/msg/detail/vehicle_state__type_support.cpp.o[0m
[6.632s] [ 30%] [32mBuilding CXX object CMakeFiles/ad_msgs__rosidl_typesupport_introspection_cpp.dir/rosidl_typesupport_introspection_cpp/ad_msgs/msg/detail/mission__type_support.cpp.o[0m
[6.632s] [ 31%] [32mBuilding CXX object CMakeFiles/ad_msgs__rosidl_typesupport_introspection_cpp.dir/rosidl_typesupport_introspection_cpp/ad_msgs/msg/detail/mission_object__type_support.cpp.o[0m
[6.633s] [ 32%] [32mBuilding CXX object CMakeFiles/ad_msgs__rosidl_typesupport_introspection_cpp.dir/rosidl_typesupport_introspection_cpp/ad_msgs/msg/detail/vehicle_command__type_support.cpp.o[0m
[6.641s] [ 33%] [32mBuilding CXX object CMakeFiles/ad_msgs__rosidl_typesupport_fastrtps_cpp.dir/rosidl_typesupport_fastrtps_cpp/ad_msgs/msg/detail/dds_fastrtps/vehicle_command__type_support.cpp.o[0m
[6.641s] [ 34%] [32mBuilding CXX object CMakeFiles/ad_msgs__rosidl_typesupport_introspection_cpp.dir/rosidl_typesupport_introspection_cpp/ad_msgs/msg/detail/mission_display__type_support.cpp.o[0m
[6.644s] [ 35%] [32mBuilding CXX object CMakeFiles/ad_msgs__rosidl_typesupport_introspection_cpp.dir/rosidl_typesupport_introspection_cpp/ad_msgs/msg/detail/lane_point_data_array__type_support.cpp.o[0m
[6.644s] [ 36%] [32mBuilding CXX object CMakeFiles/ad_msgs__rosidl_typesupport_introspection_cpp.dir/rosidl_typesupport_introspection_cpp/ad_msgs/msg/detail/mission_region__type_support.cpp.o[0m
[6.652s] [ 38%] [32mBuilding CXX object CMakeFiles/ad_msgs__rosidl_typesupport_introspection_cpp.dir/rosidl_typesupport_introspection_cpp/ad_msgs/msg/detail/lane_point_data__type_support.cpp.o[0m
[6.652s] [ 38%] [32mBuilding CXX object CMakeFiles/ad_msgs__rosidl_typesupport_introspection_cpp.dir/rosidl_typesupport_introspection_cpp/ad_msgs/msg/detail/polyfit_lane_data__type_support.cpp.o[0m
[6.653s] [ 39%] [32mBuilding CXX object CMakeFiles/ad_msgs__rosidl_typesupport_fastrtps_cpp.dir/rosidl_typesupport_fastrtps_cpp/ad_msgs/msg/detail/dds_fastrtps/mission_object__type_support.cpp.o[0m
[6.654s] [ 40%] [32mBuilding CXX object CMakeFiles/ad_msgs__rosidl_typesupport_fastrtps_cpp.dir/rosidl_typesupport_fastrtps_cpp/ad_msgs/msg/detail/dds_fastrtps/vehicle_state__type_support.cpp.o[0m
[6.654s] [ 41%] [32mBuilding CXX object CMakeFiles/ad_msgs__rosidl_typesupport_introspection_cpp.dir/rosidl_typesupport_introspection_cpp/ad_msgs/msg/detail/polyfit_lane_data_array__type_support.cpp.o[0m
[6.659s] [ 41%] [32mBuilding CXX object CMakeFiles/ad_msgs__rosidl_typesupport_fastrtps_cpp.dir/rosidl_typesupport_fastrtps_cpp/ad_msgs/msg/detail/dds_fastrtps/mission__type_support.cpp.o[0m
[6.693s] [ 42%] [32mBuilding CXX object CMakeFiles/ad_msgs__rosidl_typesupport_fastrtps_cpp.dir/rosidl_typesupport_fastrtps_cpp/ad_msgs/msg/detail/dds_fastrtps/mission_region__type_support.cpp.o[0m
[6.753s] [ 43%] [32mBuilding CXX object CMakeFiles/ad_msgs__rosidl_typesupport_fastrtps_cpp.dir/rosidl_typesupport_fastrtps_cpp/ad_msgs/msg/detail/dds_fastrtps/mission_display__type_support.cpp.o[0m
[6.809s] [ 44%] [32mBuilding CXX object CMakeFiles/ad_msgs__rosidl_typesupport_fastrtps_cpp.dir/rosidl_typesupport_fastrtps_cpp/ad_msgs/msg/detail/dds_fastrtps/polyfit_lane_data__type_support.cpp.o[0m
[6.881s] [ 45%] [32mBuilding CXX object CMakeFiles/ad_msgs__rosidl_typesupport_fastrtps_cpp.dir/rosidl_typesupport_fastrtps_cpp/ad_msgs/msg/detail/dds_fastrtps/lane_point_data__type_support.cpp.o[0m
[7.010s] [ 46%] [32m[1mLinking CXX shared library libad_msgs__rosidl_typesupport_cpp.so[0m
[7.130s] [ 47%] [32mBuilding CXX object CMakeFiles/ad_msgs__rosidl_typesupport_c.dir/rosidl_typesupport_c/ad_msgs/msg/vehicle_state__type_support.cpp.o[0m
[7.224s] [ 48%] [32mBuilding CXX object CMakeFiles/ad_msgs__rosidl_typesupport_c.dir/rosidl_typesupport_c/ad_msgs/msg/vehicle_command__type_support.cpp.o[0m
[7.333s] [ 49%] [32mBuilding CXX object CMakeFiles/ad_msgs__rosidl_typesupport_c.dir/rosidl_typesupport_c/ad_msgs/msg/mission__type_support.cpp.o[0m
[7.396s] [ 50%] [32mBuilding CXX object CMakeFiles/ad_msgs__rosidl_typesupport_c.dir/rosidl_typesupport_c/ad_msgs/msg/mission_object__type_support.cpp.o[0m
[7.408s] [ 50%] Built target ad_msgs__rosidl_typesupport_cpp
[7.416s] [ 51%] [32mBuilding CXX object CMakeFiles/ad_msgs__rosidl_typesupport_c.dir/rosidl_typesupport_c/ad_msgs/msg/mission_display__type_support.cpp.o[0m
[7.423s] [ 52%] [32mBuilding CXX object CMakeFiles/ad_msgs__rosidl_typesupport_c.dir/rosidl_typesupport_c/ad_msgs/msg/mission_region__type_support.cpp.o[0m
[7.441s] [ 54%] [32mBuilding CXX object CMakeFiles/ad_msgs__rosidl_typesupport_fastrtps_cpp.dir/rosidl_typesupport_fastrtps_cpp/ad_msgs/msg/detail/dds_fastrtps/polyfit_lane_data_array__type_support.cpp.o[0m
[7.442s] [ 54%] [32mBuilding CXX object CMakeFiles/ad_msgs__rosidl_typesupport_fastrtps_cpp.dir/rosidl_typesupport_fastrtps_cpp/ad_msgs/msg/detail/dds_fastrtps/lane_point_data_array__type_support.cpp.o[0m
[7.442s] [ 55%] [32mBuilding CXX object CMakeFiles/ad_msgs__rosidl_typesupport_c.dir/rosidl_typesupport_c/ad_msgs/msg/polyfit_lane_data__type_support.cpp.o[0m
[7.456s] [ 56%] [32mBuilding CXX object CMakeFiles/ad_msgs__rosidl_typesupport_fastrtps_c.dir/rosidl_typesupport_fastrtps_c/ad_msgs/msg/detail/vehicle_state__type_support_c.cpp.o[0m
[7.458s] [ 56%] [32mBuilding CXX object CMakeFiles/ad_msgs__rosidl_typesupport_c.dir/rosidl_typesupport_c/ad_msgs/msg/lane_point_data_array__type_support.cpp.o[0m
[7.468s] [ 57%] [32mBuilding CXX object CMakeFiles/ad_msgs__rosidl_typesupport_c.dir/rosidl_typesupport_c/ad_msgs/msg/lane_point_data__type_support.cpp.o[0m
[7.487s] [ 58%] [32mBuilding C object CMakeFiles/ad_msgs__rosidl_typesupport_introspection_c.dir/rosidl_typesupport_introspection_c/ad_msgs/msg/detail/vehicle_state__type_support.c.o[0m
[7.515s] [ 59%] [32mBuilding CXX object CMakeFiles/ad_msgs__rosidl_typesupport_fastrtps_c.dir/rosidl_typesupport_fastrtps_c/ad_msgs/msg/detail/vehicle_command__type_support_c.cpp.o[0m
[7.522s] [ 60%] [32mBuilding CXX object CMakeFiles/ad_msgs__rosidl_typesupport_fastrtps_c.dir/rosidl_typesupport_fastrtps_c/ad_msgs/msg/detail/mission__type_support_c.cpp.o[0m
[7.522s] [ 61%] [32mBuilding CXX object CMakeFiles/ad_msgs__rosidl_typesupport_c.dir/rosidl_typesupport_c/ad_msgs/msg/polyfit_lane_data_array__type_support.cpp.o[0m
[7.539s] [ 62%] [32mBuilding C object CMakeFiles/ad_msgs__rosidl_typesupport_introspection_c.dir/rosidl_typesupport_introspection_c/ad_msgs/msg/detail/vehicle_command__type_support.c.o[0m
[7.547s] [ 63%] [32mBuilding C object CMakeFiles/ad_msgs__rosidl_typesupport_introspection_c.dir/rosidl_typesupport_introspection_c/ad_msgs/msg/detail/mission__type_support.c.o[0m
[7.553s] [ 64%] [32mBuilding CXX object CMakeFiles/ad_msgs__rosidl_typesupport_fastrtps_c.dir/rosidl_typesupport_fastrtps_c/ad_msgs/msg/detail/mission_object__type_support_c.cpp.o[0m
[7.573s] [ 65%] [32mBuilding CXX object CMakeFiles/ad_msgs__rosidl_typesupport_fastrtps_c.dir/rosidl_typesupport_fastrtps_c/ad_msgs/msg/detail/mission_display__type_support_c.cpp.o[0m
[7.579s] [ 66%] [32mBuilding CXX object CMakeFiles/ad_msgs__rosidl_typesupport_fastrtps_c.dir/rosidl_typesupport_fastrtps_c/ad_msgs/msg/detail/mission_region__type_support_c.cpp.o[0m
[7.587s] [ 67%] [32mBuilding C object CMakeFiles/ad_msgs__rosidl_typesupport_introspection_c.dir/rosidl_typesupport_introspection_c/ad_msgs/msg/detail/mission_object__type_support.c.o[0m
[7.598s] [ 68%] [32mBuilding C object CMakeFiles/ad_msgs__rosidl_typesupport_introspection_c.dir/rosidl_typesupport_introspection_c/ad_msgs/msg/detail/mission_region__type_support.c.o[0m
[7.606s] [ 69%] [32m[1mLinking CXX shared library libad_msgs__rosidl_typesupport_c.so[0m
[7.623s] [ 70%] [32mBuilding C object CMakeFiles/ad_msgs__rosidl_typesupport_introspection_c.dir/rosidl_typesupport_introspection_c/ad_msgs/msg/detail/mission_display__type_support.c.o[0m
[7.627s] [ 71%] [32mBuilding CXX object CMakeFiles/ad_msgs__rosidl_typesupport_fastrtps_c.dir/rosidl_typesupport_fastrtps_c/ad_msgs/msg/detail/polyfit_lane_data__type_support_c.cpp.o[0m
[7.647s] [ 72%] [32mBuilding CXX object CMakeFiles/ad_msgs__rosidl_typesupport_fastrtps_c.dir/rosidl_typesupport_fastrtps_c/ad_msgs/msg/detail/lane_point_data__type_support_c.cpp.o[0m
[7.654s] [ 73%] [32mBuilding C object CMakeFiles/ad_msgs__rosidl_typesupport_introspection_c.dir/rosidl_typesupport_introspection_c/ad_msgs/msg/detail/polyfit_lane_data__type_support.c.o[0m
[7.668s] [ 74%] [32mBuilding C object CMakeFiles/ad_msgs__rosidl_typesupport_introspection_c.dir/rosidl_typesupport_introspection_c/ad_msgs/msg/detail/lane_point_data__type_support.c.o[0m
[7.680s] [ 75%] [32mBuilding C object CMakeFiles/ad_msgs__rosidl_typesupport_introspection_c.dir/rosidl_typesupport_introspection_c/ad_msgs/msg/detail/lane_point_data_array__type_support.c.o[0m
[7.684s] [ 76%] [32mBuilding CXX object CMakeFiles/ad_msgs__rosidl_typesupport_fastrtps_c.dir/rosidl_typesupport_fastrtps_c/ad_msgs/msg/detail/lane_point_data_array__type_support_c.cpp.o[0m
[7.695s] [ 77%] [32mBuilding CXX object CMakeFiles/ad_msgs__rosidl_typesupport_fastrtps_c.dir/rosidl_typesupport_fastrtps_c/ad_msgs/msg/detail/polyfit_lane_data_array__type_support_c.cpp.o[0m
[7.734s] [ 78%] [32mBuilding C object CMakeFiles/ad_msgs__rosidl_typesupport_introspection_c.dir/rosidl_typesupport_introspection_c/ad_msgs/msg/detail/polyfit_lane_data_array__type_support.c.o[0m
[7.810s] [ 79%] [32m[1mLinking C shared library libad_msgs__rosidl_typesupport_introspection_c.so[0m
[7.984s] [ 79%] Built target ad_msgs__rosidl_typesupport_c
[8.035s] [ 80%] [32m[1mLinking CXX shared library libad_msgs__rosidl_typesupport_introspection_cpp.so[0m
[8.125s] [ 80%] Built target ad_msgs__rosidl_typesupport_introspection_c
[8.236s] [ 81%] [32m[1mLinking CXX shared library libad_msgs__rosidl_typesupport_fastrtps_cpp.so[0m
[8.310s] [ 82%] [32m[1mLinking CXX shared library libad_msgs__rosidl_typesupport_fastrtps_c.so[0m
[8.334s] [ 82%] Built target ad_msgs__rosidl_typesupport_introspection_cpp
[8.483s] [ 82%] Built target ad_msgs__rosidl_typesupport_fastrtps_cpp
[8.534s] [ 82%] Built target ad_msgs__rosidl_typesupport_fastrtps_c
[8.560s] [ 82%] Built target ad_msgs
[8.582s] [ 83%] [34m[1mGenerating Python code for ROS interfaces[0m
[9.523s] [ 83%] Built target ad_msgs__py
[9.542s] [ 84%] [32mBuilding C object CMakeFiles/ad_msgs__rosidl_generator_py.dir/rosidl_generator_py/ad_msgs/msg/_mission_region_s.c.o[0m
[9.542s] [ 85%] [32mBuilding C object CMakeFiles/ad_msgs__rosidl_generator_py.dir/rosidl_generator_py/ad_msgs/msg/_mission_object_s.c.o[0m
[9.544s] [ 87%] [32mBuilding C object CMakeFiles/ad_msgs__rosidl_generator_py.dir/rosidl_generator_py/ad_msgs/msg/_mission_display_s.c.o[0m
[9.545s] [ 87%] [32mBuilding C object CMakeFiles/ad_msgs__rosidl_generator_py.dir/rosidl_generator_py/ad_msgs/msg/_vehicle_command_s.c.o[0m
[9.545s] [ 88%] [32mBuilding C object CMakeFiles/ad_msgs__rosidl_generator_py.dir/rosidl_generator_py/ad_msgs/msg/_vehicle_state_s.c.o[0m
[9.546s] [ 89%] [32mBuilding C object CMakeFiles/ad_msgs__rosidl_generator_py.dir/rosidl_generator_py/ad_msgs/msg/_mission_s.c.o[0m
[9.546s] [ 90%] [32mBuilding C object CMakeFiles/ad_msgs__rosidl_generator_py.dir/rosidl_generator_py/ad_msgs/msg/_polyfit_lane_data_s.c.o[0m
[9.547s] [ 91%] [32mBuilding C object CMakeFiles/ad_msgs__rosidl_generator_py.dir/rosidl_generator_py/ad_msgs/msg/_lane_point_data_array_s.c.o[0m
[9.549s] [ 92%] [32mBuilding C object CMakeFiles/ad_msgs__rosidl_generator_py.dir/rosidl_generator_py/ad_msgs/msg/_lane_point_data_s.c.o[0m
[9.550s] [ 93%] [32mBuilding C object CMakeFiles/ad_msgs__rosidl_generator_py.dir/rosidl_generator_py/ad_msgs/msg/_polyfit_lane_data_array_s.c.o[0m
[9.689s] [ 94%] [32m[1mLinking C shared library rosidl_generator_py/ad_msgs/libad_msgs__rosidl_generator_py.so[0m
[9.870s] [ 94%] Built target ad_msgs__rosidl_generator_py
[9.888s] [ 95%] [32mBuilding C object CMakeFiles/ad_msgs__rosidl_typesupport_introspection_c__pyext.dir/rosidl_generator_py/ad_msgs/_ad_msgs_s.ep.rosidl_typesupport_introspection_c.c.o[0m
[9.888s] [ 96%] [32mBuilding C object CMakeFiles/ad_msgs__rosidl_typesupport_fastrtps_c__pyext.dir/rosidl_generator_py/ad_msgs/_ad_msgs_s.ep.rosidl_typesupport_fastrtps_c.c.o[0m
[9.889s] [ 97%] [32mBuilding C object CMakeFiles/ad_msgs__rosidl_typesupport_c__pyext.dir/rosidl_generator_py/ad_msgs/_ad_msgs_s.ep.rosidl_typesupport_c.c.o[0m
[9.999s] [ 98%] [32m[1mLinking C shared library rosidl_generator_py/ad_msgs/ad_msgs_s__rosidl_typesupport_c.cpython-310-x86_64-linux-gnu.so[0m
[10.009s] [ 99%] [32m[1mLinking C shared library rosidl_generator_py/ad_msgs/ad_msgs_s__rosidl_typesupport_introspection_c.cpython-310-x86_64-linux-gnu.so[0m
[10.019s] [100%] [32m[1mLinking C shared library rosidl_generator_py/ad_msgs/ad_msgs_s__rosidl_typesupport_fastrtps_c.cpython-310-x86_64-linux-gnu.so[0m
[10.173s] [100%] Built target ad_msgs__rosidl_typesupport_introspection_c__pyext
[10.183s] [100%] Built target ad_msgs__rosidl_typesupport_c__pyext
[10.203s] [100%] Built target ad_msgs__rosidl_typesupport_fastrtps_c__pyext
[10.215s] Invoked command in '/home/subin/subin_ws/ADS_Mission_Normal/build/ad_msgs' returned '0': CMAKE_PREFIX_PATH=${CMAKE_PREFIX_PATH}:/opt/ros/humble /usr/bin/cmake --build /home/subin/subin_ws/ADS_Mission_Normal/build/ad_msgs -- -j22 -l22
[10.224s] Invoking command in '/home/subin/subin_ws/ADS_Mission_Normal/build/ad_msgs': CMAKE_PREFIX_PATH=${CMAKE_PREFIX_PATH}:/opt/ros/humble /usr/bin/cmake --install /home/subin/subin_ws/ADS_Mission_Normal/build/ad_msgs
[10.234s] -- Install configuration: ""
[10.236s] -- Installing: /home/subin/subin_ws/ADS_Mission_Normal/install/ad_msgs/share/ament_index/resource_index/rosidl_interfaces/ad_msgs
[10.236s] -- Installing: /home/subin/subin_ws/ADS_Mission_Normal/install/ad_msgs/include/ad_msgs/ad_msgs
[10.237s] -- Installing: /home/subin/subin_ws/ADS_Mission_Normal/install/ad_msgs/include/ad_msgs/ad_msgs/msg
[10.237s] -- Installing: /home/subin/subin_ws/ADS_Mission_Normal/install/ad_msgs/include/ad_msgs/ad_msgs/msg/vehicle_command.h
[10.237s] -- Installing: /home/subin/subin_ws/ADS_Mission_Normal/install/ad_msgs/include/ad_msgs/ad_msgs/msg/mission_display.h
[10.237s] -- Installing: /home/subin/subin_ws/ADS_Mission_Normal/install/ad_msgs/include/ad_msgs/ad_msgs/msg/lane_point_data_array.h
[10.237s] -- Installing: /home/subin/subin_ws/ADS_Mission_Normal/install/ad_msgs/include/ad_msgs/ad_msgs/msg/mission.h
[10.237s] -- Installing: /home/subin/subin_ws/ADS_Mission_Normal/install/ad_msgs/include/ad_msgs/ad_msgs/msg/lane_point_data.h
[10.238s] -- Installing: /home/subin/subin_ws/ADS_Mission_Normal/install/ad_msgs/include/ad_msgs/ad_msgs/msg/detail
[10.238s] -- Installing: /home/subin/subin_ws/ADS_Mission_Normal/install/ad_msgs/include/ad_msgs/ad_msgs/msg/detail/mission_object__type_support.h
[10.238s] -- Installing: /home/subin/subin_ws/ADS_Mission_Normal/install/ad_msgs/include/ad_msgs/ad_msgs/msg/detail/vehicle_command__functions.h
[10.238s] -- Installing: /home/subin/subin_ws/ADS_Mission_Normal/install/ad_msgs/include/ad_msgs/ad_msgs/msg/detail/lane_point_data__struct.h
[10.239s] -- Installing: /home/subin/subin_ws/ADS_Mission_Normal/install/ad_msgs/include/ad_msgs/ad_msgs/msg/detail/mission_display__type_support.h
[10.239s] -- Installing: /home/subin/subin_ws/ADS_Mission_Normal/install/ad_msgs/include/ad_msgs/ad_msgs/msg/detail/vehicle_state__struct.h
[10.239s] -- Installing: /home/subin/subin_ws/ADS_Mission_Normal/install/ad_msgs/include/ad_msgs/ad_msgs/msg/detail/lane_point_data__type_support.h
[10.239s] -- Installing: /home/subin/subin_ws/ADS_Mission_Normal/install/ad_msgs/include/ad_msgs/ad_msgs/msg/detail/lane_point_data_array__type_support.h
[10.239s] -- Installing: /home/subin/subin_ws/ADS_Mission_Normal/install/ad_msgs/include/ad_msgs/ad_msgs/msg/detail/vehicle_state__type_support.h
[10.239s] -- Installing: /home/subin/subin_ws/ADS_Mission_Normal/install/ad_msgs/include/ad_msgs/ad_msgs/msg/detail/polyfit_lane_data__struct.h
[10.239s] -- Installing: /home/subin/subin_ws/ADS_Mission_Normal/install/ad_msgs/include/ad_msgs/ad_msgs/msg/detail/lane_point_data__functions.c
[10.240s] -- Installing: /home/subin/subin_ws/ADS_Mission_Normal/install/ad_msgs/include/ad_msgs/ad_msgs/msg/detail/vehicle_state__functions.h
[10.240s] -- Installing: /home/subin/subin_ws/ADS_Mission_Normal/install/ad_msgs/include/ad_msgs/ad_msgs/msg/detail/mission_region__struct.h
[10.240s] -- Installing: /home/subin/subin_ws/ADS_Mission_Normal/install/ad_msgs/include/ad_msgs/ad_msgs/msg/detail/mission_object__functions.c
[10.240s] -- Installing: /home/subin/subin_ws/ADS_Mission_Normal/install/ad_msgs/include/ad_msgs/ad_msgs/msg/detail/polyfit_lane_data_array__struct.h
[10.240s] -- Installing: /home/subin/subin_ws/ADS_Mission_Normal/install/ad_msgs/include/ad_msgs/ad_msgs/msg/detail/mission_display__struct.h
[10.240s] -- Installing: /home/subin/subin_ws/ADS_Mission_Normal/install/ad_msgs/include/ad_msgs/ad_msgs/msg/detail/lane_point_data_array__functions.h
[10.240s] -- Installing: /home/subin/subin_ws/ADS_Mission_Normal/install/ad_msgs/include/ad_msgs/ad_msgs/msg/detail/polyfit_lane_data__type_support.h
[10.241s] -- Installing: /home/subin/subin_ws/ADS_Mission_Normal/install/ad_msgs/include/ad_msgs/ad_msgs/msg/detail/polyfit_lane_data_array__functions.c
[10.241s] -- Installing: /home/subin/subin_ws/ADS_Mission_Normal/install/ad_msgs/include/ad_msgs/ad_msgs/msg/detail/vehicle_command__struct.h
[10.241s] -- Installing: /home/subin/subin_ws/ADS_Mission_Normal/install/ad_msgs/include/ad_msgs/ad_msgs/msg/detail/mission_display__functions.h
[10.241s] -- Installing: /home/subin/subin_ws/ADS_Mission_Normal/install/ad_msgs/include/ad_msgs/ad_msgs/msg/detail/vehicle_state__functions.c
[10.241s] -- Installing: /home/subin/subin_ws/ADS_Mission_Normal/install/ad_msgs/include/ad_msgs/ad_msgs/msg/detail/lane_point_data_array__struct.h
[10.241s] -- Installing: /home/subin/subin_ws/ADS_Mission_Normal/install/ad_msgs/include/ad_msgs/ad_msgs/msg/detail/mission__functions.c
[10.241s] -- Installing: /home/subin/subin_ws/ADS_Mission_Normal/install/ad_msgs/include/ad_msgs/ad_msgs/msg/detail/mission_object__struct.h
[10.241s] -- Installing: /home/subin/subin_ws/ADS_Mission_Normal/install/ad_msgs/include/ad_msgs/ad_msgs/msg/detail/lane_point_data_array__functions.c
[10.242s] -- Installing: /home/subin/subin_ws/ADS_Mission_Normal/install/ad_msgs/include/ad_msgs/ad_msgs/msg/detail/polyfit_lane_data_array__type_support.h
[10.242s] -- Installing: /home/subin/subin_ws/ADS_Mission_Normal/install/ad_msgs/include/ad_msgs/ad_msgs/msg/detail/vehicle_command__type_support.h
[10.242s] -- Installing: /home/subin/subin_ws/ADS_Mission_Normal/install/ad_msgs/include/ad_msgs/ad_msgs/msg/detail/vehicle_command__functions.c
[10.242s] -- Installing: /home/subin/subin_ws/ADS_Mission_Normal/install/ad_msgs/include/ad_msgs/ad_msgs/msg/detail/lane_point_data__functions.h
[10.242s] -- Installing: /home/subin/subin_ws/ADS_Mission_Normal/install/ad_msgs/include/ad_msgs/ad_msgs/msg/detail/mission_display__functions.c
[10.242s] -- Installing: /home/subin/subin_ws/ADS_Mission_Normal/install/ad_msgs/include/ad_msgs/ad_msgs/msg/detail/polyfit_lane_data__functions.h
[10.242s] -- Installing: /home/subin/subin_ws/ADS_Mission_Normal/install/ad_msgs/include/ad_msgs/ad_msgs/msg/detail/mission_region__functions.h
[10.243s] -- Installing: /home/subin/subin_ws/ADS_Mission_Normal/install/ad_msgs/include/ad_msgs/ad_msgs/msg/detail/mission_region__functions.c
[10.243s] -- Installing: /home/subin/subin_ws/ADS_Mission_Normal/install/ad_msgs/include/ad_msgs/ad_msgs/msg/detail/mission_object__functions.h
[10.243s] -- Installing: /home/subin/subin_ws/ADS_Mission_Normal/install/ad_msgs/include/ad_msgs/ad_msgs/msg/detail/mission__struct.h
[10.244s] -- Installing: /home/subin/subin_ws/ADS_Mission_Normal/install/ad_msgs/include/ad_msgs/ad_msgs/msg/detail/polyfit_lane_data__functions.c
[10.244s] -- Installing: /home/subin/subin_ws/ADS_Mission_Normal/install/ad_msgs/include/ad_msgs/ad_msgs/msg/detail/mission__type_support.h
[10.244s] -- Installing: /home/subin/subin_ws/ADS_Mission_Normal/install/ad_msgs/include/ad_msgs/ad_msgs/msg/detail/mission__functions.h
[10.244s] -- Installing: /home/subin/subin_ws/ADS_Mission_Normal/install/ad_msgs/include/ad_msgs/ad_msgs/msg/detail/mission_region__type_support.h
[10.244s] -- Installing: /home/subin/subin_ws/ADS_Mission_Normal/install/ad_msgs/include/ad_msgs/ad_msgs/msg/detail/polyfit_lane_data_array__functions.h
[10.244s] -- Installing: /home/subin/subin_ws/ADS_Mission_Normal/install/ad_msgs/include/ad_msgs/ad_msgs/msg/polyfit_lane_data.h
[10.245s] -- Installing: /home/subin/subin_ws/ADS_Mission_Normal/install/ad_msgs/include/ad_msgs/ad_msgs/msg/polyfit_lane_data_array.h
[10.245s] -- Installing: /home/subin/subin_ws/ADS_Mission_Normal/install/ad_msgs/include/ad_msgs/ad_msgs/msg/vehicle_state.h
[10.245s] -- Installing: /home/subin/subin_ws/ADS_Mission_Normal/install/ad_msgs/include/ad_msgs/ad_msgs/msg/mission_region.h
[10.245s] -- Installing: /home/subin/subin_ws/ADS_Mission_Normal/install/ad_msgs/include/ad_msgs/ad_msgs/msg/rosidl_generator_c__visibility_control.h
[10.245s] -- Installing: /home/subin/subin_ws/ADS_Mission_Normal/install/ad_msgs/include/ad_msgs/ad_msgs/msg/mission_object.h
[10.246s] -- Installing: /home/subin/subin_ws/ADS_Mission_Normal/install/ad_msgs/share/ad_msgs/environment/library_path.sh
[10.246s] -- Installing: /home/subin/subin_ws/ADS_Mission_Normal/install/ad_msgs/share/ad_msgs/environment/library_path.dsv
[10.247s] -- Installing: /home/subin/subin_ws/ADS_Mission_Normal/install/ad_msgs/lib/libad_msgs__rosidl_generator_c.so
[10.247s] -- Set runtime path of "/home/subin/subin_ws/ADS_Mission_Normal/install/ad_msgs/lib/libad_msgs__rosidl_generator_c.so" to ""
[10.248s] -- Up-to-date: /home/subin/subin_ws/ADS_Mission_Normal/install/ad_msgs/include/ad_msgs/ad_msgs
[10.248s] -- Up-to-date: /home/subin/subin_ws/ADS_Mission_Normal/install/ad_msgs/include/ad_msgs/ad_msgs/msg
[10.248s] -- Installing: /home/subin/subin_ws/ADS_Mission_Normal/install/ad_msgs/include/ad_msgs/ad_msgs/msg/rosidl_typesupport_fastrtps_c__visibility_control.h
[10.248s] -- Up-to-date: /home/subin/subin_ws/ADS_Mission_Normal/install/ad_msgs/include/ad_msgs/ad_msgs/msg/detail
[10.248s] -- Installing: /home/subin/subin_ws/ADS_Mission_Normal/install/ad_msgs/include/ad_msgs/ad_msgs/msg/detail/mission__rosidl_typesupport_fastrtps_c.h
[10.249s] -- Installing: /home/subin/subin_ws/ADS_Mission_Normal/install/ad_msgs/include/ad_msgs/ad_msgs/msg/detail/lane_point_data__rosidl_typesupport_fastrtps_c.h
[10.249s] -- Installing: /home/subin/subin_ws/ADS_Mission_Normal/install/ad_msgs/include/ad_msgs/ad_msgs/msg/detail/mission_display__rosidl_typesupport_fastrtps_c.h
[10.249s] -- Installing: /home/subin/subin_ws/ADS_Mission_Normal/install/ad_msgs/include/ad_msgs/ad_msgs/msg/detail/polyfit_lane_data__rosidl_typesupport_fastrtps_c.h
[10.249s] -- Installing: /home/subin/subin_ws/ADS_Mission_Normal/install/ad_msgs/include/ad_msgs/ad_msgs/msg/detail/vehicle_state__rosidl_typesupport_fastrtps_c.h
[10.249s] -- Installing: /home/subin/subin_ws/ADS_Mission_Normal/install/ad_msgs/include/ad_msgs/ad_msgs/msg/detail/vehicle_command__rosidl_typesupport_fastrtps_c.h
[10.249s] -- Installing: /home/subin/subin_ws/ADS_Mission_Normal/install/ad_msgs/include/ad_msgs/ad_msgs/msg/detail/mission_region__rosidl_typesupport_fastrtps_c.h
[10.249s] -- Installing: /home/subin/subin_ws/ADS_Mission_Normal/install/ad_msgs/include/ad_msgs/ad_msgs/msg/detail/mission_object__rosidl_typesupport_fastrtps_c.h
[10.249s] -- Installing: /home/subin/subin_ws/ADS_Mission_Normal/install/ad_msgs/include/ad_msgs/ad_msgs/msg/detail/polyfit_lane_data_array__rosidl_typesupport_fastrtps_c.h
[10.249s] -- Installing: /home/subin/subin_ws/ADS_Mission_Normal/install/ad_msgs/include/ad_msgs/ad_msgs/msg/detail/lane_point_data_array__rosidl_typesupport_fastrtps_c.h
[10.250s] -- Installing: /home/subin/subin_ws/ADS_Mission_Normal/install/ad_msgs/lib/libad_msgs__rosidl_typesupport_fastrtps_c.so
[10.250s] -- Set runtime path of "/home/subin/subin_ws/ADS_Mission_Normal/install/ad_msgs/lib/libad_msgs__rosidl_typesupport_fastrtps_c.so" to ""
[10.251s] -- Up-to-date: /home/subin/subin_ws/ADS_Mission_Normal/install/ad_msgs/include/ad_msgs/ad_msgs
[10.251s] -- Up-to-date: /home/subin/subin_ws/ADS_Mission_Normal/install/ad_msgs/include/ad_msgs/ad_msgs/msg
[10.251s] -- Up-to-date: /home/subin/subin_ws/ADS_Mission_Normal/install/ad_msgs/include/ad_msgs/ad_msgs/msg/detail
[10.251s] -- Installing: /home/subin/subin_ws/ADS_Mission_Normal/install/ad_msgs/include/ad_msgs/ad_msgs/msg/detail/polyfit_lane_data_array__type_support.c
[10.251s] -- Installing: /home/subin/subin_ws/ADS_Mission_Normal/install/ad_msgs/include/ad_msgs/ad_msgs/msg/detail/polyfit_lane_data_array__rosidl_typesupport_introspection_c.h
[10.251s] -- Installing: /home/subin/subin_ws/ADS_Mission_Normal/install/ad_msgs/include/ad_msgs/ad_msgs/msg/detail/mission_display__type_support.c
[10.251s] -- Installing: /home/subin/subin_ws/ADS_Mission_Normal/install/ad_msgs/include/ad_msgs/ad_msgs/msg/detail/lane_point_data__type_support.c
[10.251s] -- Installing: /home/subin/subin_ws/ADS_Mission_Normal/install/ad_msgs/include/ad_msgs/ad_msgs/msg/detail/mission_display__rosidl_typesupport_introspection_c.h
[10.252s] -- Installing: /home/subin/subin_ws/ADS_Mission_Normal/install/ad_msgs/include/ad_msgs/ad_msgs/msg/detail/vehicle_state__rosidl_typesupport_introspection_c.h
[10.252s] -- Installing: /home/subin/subin_ws/ADS_Mission_Normal/install/ad_msgs/include/ad_msgs/ad_msgs/msg/detail/lane_point_data_array__rosidl_typesupport_introspection_c.h
[10.252s] -- Installing: /home/subin/subin_ws/ADS_Mission_Normal/install/ad_msgs/include/ad_msgs/ad_msgs/msg/detail/vehicle_state__type_support.c
[10.252s] -- Installing: /home/subin/subin_ws/ADS_Mission_Normal/install/ad_msgs/include/ad_msgs/ad_msgs/msg/detail/vehicle_command__rosidl_typesupport_introspection_c.h
[10.252s] -- Installing: /home/subin/subin_ws/ADS_Mission_Normal/install/ad_msgs/include/ad_msgs/ad_msgs/msg/detail/mission__type_support.c
[10.252s] -- Installing: /home/subin/subin_ws/ADS_Mission_Normal/install/ad_msgs/include/ad_msgs/ad_msgs/msg/detail/mission_region__type_support.c
[10.253s] -- Installing: /home/subin/subin_ws/ADS_Mission_Normal/install/ad_msgs/include/ad_msgs/ad_msgs/msg/detail/polyfit_lane_data__rosidl_typesupport_introspection_c.h
[10.253s] -- Installing: /home/subin/subin_ws/ADS_Mission_Normal/install/ad_msgs/include/ad_msgs/ad_msgs/msg/detail/lane_point_data_array__type_support.c
[10.253s] -- Installing: /home/subin/subin_ws/ADS_Mission_Normal/install/ad_msgs/include/ad_msgs/ad_msgs/msg/detail/polyfit_lane_data__type_support.c
[10.253s] -- Installing: /home/subin/subin_ws/ADS_Mission_Normal/install/ad_msgs/include/ad_msgs/ad_msgs/msg/detail/vehicle_command__type_support.c
[10.253s] -- Installing: /home/subin/subin_ws/ADS_Mission_Normal/install/ad_msgs/include/ad_msgs/ad_msgs/msg/detail/mission_region__rosidl_typesupport_introspection_c.h
[10.253s] -- Installing: /home/subin/subin_ws/ADS_Mission_Normal/install/ad_msgs/include/ad_msgs/ad_msgs/msg/detail/lane_point_data__rosidl_typesupport_introspection_c.h
[10.254s] -- Installing: /home/subin/subin_ws/ADS_Mission_Normal/install/ad_msgs/include/ad_msgs/ad_msgs/msg/detail/mission__rosidl_typesupport_introspection_c.h
[10.254s] -- Installing: /home/subin/subin_ws/ADS_Mission_Normal/install/ad_msgs/include/ad_msgs/ad_msgs/msg/detail/mission_object__rosidl_typesupport_introspection_c.h
[10.254s] -- Installing: /home/subin/subin_ws/ADS_Mission_Normal/install/ad_msgs/include/ad_msgs/ad_msgs/msg/detail/mission_object__type_support.c
[10.255s] -- Installing: /home/subin/subin_ws/ADS_Mission_Normal/install/ad_msgs/include/ad_msgs/ad_msgs/msg/rosidl_typesupport_introspection_c__visibility_control.h
[10.255s] -- Installing: /home/subin/subin_ws/ADS_Mission_Normal/install/ad_msgs/lib/libad_msgs__rosidl_typesupport_introspection_c.so
[10.255s] -- Set runtime path of "/home/subin/subin_ws/ADS_Mission_Normal/install/ad_msgs/lib/libad_msgs__rosidl_typesupport_introspection_c.so" to ""
[10.255s] -- Installing: /home/subin/subin_ws/ADS_Mission_Normal/install/ad_msgs/lib/libad_msgs__rosidl_typesupport_c.so
[10.256s] -- Set runtime path of "/home/subin/subin_ws/ADS_Mission_Normal/install/ad_msgs/lib/libad_msgs__rosidl_typesupport_c.so" to ""
[10.256s] -- Up-to-date: /home/subin/subin_ws/ADS_Mission_Normal/install/ad_msgs/include/ad_msgs/ad_msgs
[10.256s] -- Up-to-date: /home/subin/subin_ws/ADS_Mission_Normal/install/ad_msgs/include/ad_msgs/ad_msgs/msg
[10.256s] -- Installing: /home/subin/subin_ws/ADS_Mission_Normal/install/ad_msgs/include/ad_msgs/ad_msgs/msg/vehicle_state.hpp
[10.257s] -- Installing: /home/subin/subin_ws/ADS_Mission_Normal/install/ad_msgs/include/ad_msgs/ad_msgs/msg/mission_display.hpp
[10.257s] -- Installing: /home/subin/subin_ws/ADS_Mission_Normal/install/ad_msgs/include/ad_msgs/ad_msgs/msg/vehicle_command.hpp
[10.257s] -- Up-to-date: /home/subin/subin_ws/ADS_Mission_Normal/install/ad_msgs/include/ad_msgs/ad_msgs/msg/detail
[10.258s] -- Installing: /home/subin/subin_ws/ADS_Mission_Normal/install/ad_msgs/include/ad_msgs/ad_msgs/msg/detail/mission_region__traits.hpp
[10.258s] -- Installing: /home/subin/subin_ws/ADS_Mission_Normal/install/ad_msgs/include/ad_msgs/ad_msgs/msg/detail/polyfit_lane_data__traits.hpp
[10.258s] -- Installing: /home/subin/subin_ws/ADS_Mission_Normal/install/ad_msgs/include/ad_msgs/ad_msgs/msg/detail/polyfit_lane_data_array__type_support.hpp
[10.258s] -- Installing: /home/subin/subin_ws/ADS_Mission_Normal/install/ad_msgs/include/ad_msgs/ad_msgs/msg/detail/lane_point_data_array__builder.hpp
[10.258s] -- Installing: /home/subin/subin_ws/ADS_Mission_Normal/install/ad_msgs/include/ad_msgs/ad_msgs/msg/detail/mission_object__type_support.hpp
[10.258s] -- Installing: /home/subin/subin_ws/ADS_Mission_Normal/install/ad_msgs/include/ad_msgs/ad_msgs/msg/detail/lane_point_data__struct.hpp
[10.258s] -- Installing: /home/subin/subin_ws/ADS_Mission_Normal/install/ad_msgs/include/ad_msgs/ad_msgs/msg/detail/polyfit_lane_data_array__struct.hpp
[10.259s] -- Installing: /home/subin/subin_ws/ADS_Mission_Normal/install/ad_msgs/include/ad_msgs/ad_msgs/msg/detail/polyfit_lane_data_array__builder.hpp
[10.259s] -- Installing: /home/subin/subin_ws/ADS_Mission_Normal/install/ad_msgs/include/ad_msgs/ad_msgs/msg/detail/vehicle_command__traits.hpp
[10.259s] -- Installing: /home/subin/subin_ws/ADS_Mission_Normal/install/ad_msgs/include/ad_msgs/ad_msgs/msg/detail/mission_display__type_support.hpp
[10.259s] -- Installing: /home/subin/subin_ws/ADS_Mission_Normal/install/ad_msgs/include/ad_msgs/ad_msgs/msg/detail/mission_region__type_support.hpp
[10.259s] -- Installing: /home/subin/subin_ws/ADS_Mission_Normal/install/ad_msgs/include/ad_msgs/ad_msgs/msg/detail/lane_point_data_array__struct.hpp
[10.259s] -- Installing: /home/subin/subin_ws/ADS_Mission_Normal/install/ad_msgs/include/ad_msgs/ad_msgs/msg/detail/mission__traits.hpp
[10.260s] -- Installing: /home/subin/subin_ws/ADS_Mission_Normal/install/ad_msgs/include/ad_msgs/ad_msgs/msg/detail/mission_display__traits.hpp
[10.260s] -- Installing: /home/subin/subin_ws/ADS_Mission_Normal/install/ad_msgs/include/ad_msgs/ad_msgs/msg/detail/vehicle_command__struct.hpp
[10.260s] -- Installing: /home/subin/subin_ws/ADS_Mission_Normal/install/ad_msgs/include/ad_msgs/ad_msgs/msg/detail/mission__struct.hpp
[10.260s] -- Installing: /home/subin/subin_ws/ADS_Mission_Normal/install/ad_msgs/include/ad_msgs/ad_msgs/msg/detail/lane_point_data__type_support.hpp
[10.260s] -- Installing: /home/subin/subin_ws/ADS_Mission_Normal/install/ad_msgs/include/ad_msgs/ad_msgs/msg/detail/mission__type_support.hpp
[10.261s] -- Installing: /home/subin/subin_ws/ADS_Mission_Normal/install/ad_msgs/include/ad_msgs/ad_msgs/msg/detail/vehicle_state__struct.hpp
[10.261s] -- Installing: /home/subin/subin_ws/ADS_Mission_Normal/install/ad_msgs/include/ad_msgs/ad_msgs/msg/detail/lane_point_data__traits.hpp
[10.261s] -- Installing: /home/subin/subin_ws/ADS_Mission_Normal/install/ad_msgs/include/ad_msgs/ad_msgs/msg/detail/mission_object__builder.hpp
[10.262s] -- Installing: /home/subin/subin_ws/ADS_Mission_Normal/install/ad_msgs/include/ad_msgs/ad_msgs/msg/detail/mission_region__builder.hpp
[10.262s] -- Installing: /home/subin/subin_ws/ADS_Mission_Normal/install/ad_msgs/include/ad_msgs/ad_msgs/msg/detail/lane_point_data_array__type_support.hpp
[10.262s] -- Installing: /home/subin/subin_ws/ADS_Mission_Normal/install/ad_msgs/include/ad_msgs/ad_msgs/msg/detail/vehicle_command__type_support.hpp
[10.262s] -- Installing: /home/subin/subin_ws/ADS_Mission_Normal/install/ad_msgs/include/ad_msgs/ad_msgs/msg/detail/lane_point_data_array__traits.hpp
[10.262s] -- Installing: /home/subin/subin_ws/ADS_Mission_Normal/install/ad_msgs/include/ad_msgs/ad_msgs/msg/detail/vehicle_state__traits.hpp
[10.263s] -- Installing: /home/subin/subin_ws/ADS_Mission_Normal/install/ad_msgs/include/ad_msgs/ad_msgs/msg/detail/mission_display__builder.hpp
[10.263s] -- Installing: /home/subin/subin_ws/ADS_Mission_Normal/install/ad_msgs/include/ad_msgs/ad_msgs/msg/detail/vehicle_state__type_support.hpp
[10.263s] -- Installing: /home/subin/subin_ws/ADS_Mission_Normal/install/ad_msgs/include/ad_msgs/ad_msgs/msg/detail/polyfit_lane_data__builder.hpp
[10.263s] -- Installing: /home/subin/subin_ws/ADS_Mission_Normal/install/ad_msgs/include/ad_msgs/ad_msgs/msg/detail/polyfit_lane_data__type_support.hpp
[10.263s] -- Installing: /home/subin/subin_ws/ADS_Mission_Normal/install/ad_msgs/include/ad_msgs/ad_msgs/msg/detail/mission__builder.hpp
[10.264s] -- Installing: /home/subin/subin_ws/ADS_Mission_Normal/install/ad_msgs/include/ad_msgs/ad_msgs/msg/detail/polyfit_lane_data_array__traits.hpp
[10.264s] -- Installing: /home/subin/subin_ws/ADS_Mission_Normal/install/ad_msgs/include/ad_msgs/ad_msgs/msg/detail/mission_object__struct.hpp
[10.264s] -- Installing: /home/subin/subin_ws/ADS_Mission_Normal/install/ad_msgs/include/ad_msgs/ad_msgs/msg/detail/mission_display__struct.hpp
[10.264s] -- Installing: /home/subin/subin_ws/ADS_Mission_Normal/install/ad_msgs/include/ad_msgs/ad_msgs/msg/detail/mission_object__traits.hpp
[10.265s] -- Installing: /home/subin/subin_ws/ADS_Mission_Normal/install/ad_msgs/include/ad_msgs/ad_msgs/msg/detail/polyfit_lane_data__struct.hpp
[10.265s] -- Installing: /home/subin/subin_ws/ADS_Mission_Normal/install/ad_msgs/include/ad_msgs/ad_msgs/msg/detail/vehicle_state__builder.hpp
[10.265s] -- Installing: /home/subin/subin_ws/ADS_Mission_Normal/install/ad_msgs/include/ad_msgs/ad_msgs/msg/detail/mission_region__struct.hpp
[10.265s] -- Installing: /home/subin/subin_ws/ADS_Mission_Normal/install/ad_msgs/include/ad_msgs/ad_msgs/msg/detail/vehicle_command__builder.hpp
[10.265s] -- Installing: /home/subin/subin_ws/ADS_Mission_Normal/install/ad_msgs/include/ad_msgs/ad_msgs/msg/detail/lane_point_data__builder.hpp
[10.265s] -- Installing: /home/subin/subin_ws/ADS_Mission_Normal/install/ad_msgs/include/ad_msgs/ad_msgs/msg/polyfit_lane_data_array.hpp
[10.266s] -- Installing: /home/subin/subin_ws/ADS_Mission_Normal/install/ad_msgs/include/ad_msgs/ad_msgs/msg/lane_point_data.hpp
[10.266s] -- Installing: /home/subin/subin_ws/ADS_Mission_Normal/install/ad_msgs/include/ad_msgs/ad_msgs/msg/mission.hpp
[10.266s] -- Installing: /home/subin/subin_ws/ADS_Mission_Normal/install/ad_msgs/include/ad_msgs/ad_msgs/msg/mission_region.hpp
[10.266s] -- Installing: /home/subin/subin_ws/ADS_Mission_Normal/install/ad_msgs/include/ad_msgs/ad_msgs/msg/lane_point_data_array.hpp
[10.266s] -- Installing: /home/subin/subin_ws/ADS_Mission_Normal/install/ad_msgs/include/ad_msgs/ad_msgs/msg/mission_object.hpp
[10.266s] -- Installing: /home/subin/subin_ws/ADS_Mission_Normal/install/ad_msgs/include/ad_msgs/ad_msgs/msg/polyfit_lane_data.hpp
[10.266s] -- Installing: /home/subin/subin_ws/ADS_Mission_Normal/install/ad_msgs/include/ad_msgs/ad_msgs/msg/rosidl_generator_cpp__visibility_control.hpp
[10.266s] -- Up-to-date: /home/subin/subin_ws/ADS_Mission_Normal/install/ad_msgs/include/ad_msgs/ad_msgs
[10.266s] -- Up-to-date: /home/subin/subin_ws/ADS_Mission_Normal/install/ad_msgs/include/ad_msgs/ad_msgs/msg
[10.266s] -- Up-to-date: /home/subin/subin_ws/ADS_Mission_Normal/install/ad_msgs/include/ad_msgs/ad_msgs/msg/detail
[10.266s] -- Installing: /home/subin/subin_ws/ADS_Mission_Normal/install/ad_msgs/include/ad_msgs/ad_msgs/msg/detail/mission__rosidl_typesupport_fastrtps_cpp.hpp
[10.266s] -- Installing: /home/subin/subin_ws/ADS_Mission_Normal/install/ad_msgs/include/ad_msgs/ad_msgs/msg/detail/lane_point_data__rosidl_typesupport_fastrtps_cpp.hpp
[10.266s] -- Installing: /home/subin/subin_ws/ADS_Mission_Normal/install/ad_msgs/include/ad_msgs/ad_msgs/msg/detail/vehicle_command__rosidl_typesupport_fastrtps_cpp.hpp
[10.267s] -- Installing: /home/subin/subin_ws/ADS_Mission_Normal/install/ad_msgs/include/ad_msgs/ad_msgs/msg/detail/mission_region__rosidl_typesupport_fastrtps_cpp.hpp
[10.267s] -- Installing: /home/subin/subin_ws/ADS_Mission_Normal/install/ad_msgs/include/ad_msgs/ad_msgs/msg/detail/polyfit_lane_data__rosidl_typesupport_fastrtps_cpp.hpp
[10.267s] -- Installing: /home/subin/subin_ws/ADS_Mission_Normal/install/ad_msgs/include/ad_msgs/ad_msgs/msg/detail/lane_point_data_array__rosidl_typesupport_fastrtps_cpp.hpp
[10.267s] -- Installing: /home/subin/subin_ws/ADS_Mission_Normal/install/ad_msgs/include/ad_msgs/ad_msgs/msg/detail/dds_fastrtps
[10.267s] -- Installing: /home/subin/subin_ws/ADS_Mission_Normal/install/ad_msgs/include/ad_msgs/ad_msgs/msg/detail/polyfit_lane_data_array__rosidl_typesupport_fastrtps_cpp.hpp
[10.267s] -- Installing: /home/subin/subin_ws/ADS_Mission_Normal/install/ad_msgs/include/ad_msgs/ad_msgs/msg/detail/mission_object__rosidl_typesupport_fastrtps_cpp.hpp
[10.267s] -- Installing: /home/subin/subin_ws/ADS_Mission_Normal/install/ad_msgs/include/ad_msgs/ad_msgs/msg/detail/vehicle_state__rosidl_typesupport_fastrtps_cpp.hpp
[10.267s] -- Installing: /home/subin/subin_ws/ADS_Mission_Normal/install/ad_msgs/include/ad_msgs/ad_msgs/msg/detail/mission_display__rosidl_typesupport_fastrtps_cpp.hpp
[10.267s] -- Installing: /home/subin/subin_ws/ADS_Mission_Normal/install/ad_msgs/include/ad_msgs/ad_msgs/msg/rosidl_typesupport_fastrtps_cpp__visibility_control.h
[10.267s] -- Installing: /home/subin/subin_ws/ADS_Mission_Normal/install/ad_msgs/lib/libad_msgs__rosidl_typesupport_fastrtps_cpp.so
[10.268s] -- Set runtime path of "/home/subin/subin_ws/ADS_Mission_Normal/install/ad_msgs/lib/libad_msgs__rosidl_typesupport_fastrtps_cpp.so" to ""
[10.268s] -- Up-to-date: /home/subin/subin_ws/ADS_Mission_Normal/install/ad_msgs/include/ad_msgs/ad_msgs
[10.268s] -- Up-to-date: /home/subin/subin_ws/ADS_Mission_Normal/install/ad_msgs/include/ad_msgs/ad_msgs/msg
[10.268s] -- Up-to-date: /home/subin/subin_ws/ADS_Mission_Normal/install/ad_msgs/include/ad_msgs/ad_msgs/msg/detail
[10.268s] -- Installing: /home/subin/subin_ws/ADS_Mission_Normal/install/ad_msgs/include/ad_msgs/ad_msgs/msg/detail/mission_display__rosidl_typesupport_introspection_cpp.hpp
[10.269s] -- Installing: /home/subin/subin_ws/ADS_Mission_Normal/install/ad_msgs/include/ad_msgs/ad_msgs/msg/detail/mission_object__type_support.cpp
[10.269s] -- Installing: /home/subin/subin_ws/ADS_Mission_Normal/install/ad_msgs/include/ad_msgs/ad_msgs/msg/detail/vehicle_state__rosidl_typesupport_introspection_cpp.hpp
[10.269s] -- Installing: /home/subin/subin_ws/ADS_Mission_Normal/install/ad_msgs/include/ad_msgs/ad_msgs/msg/detail/lane_point_data_array__rosidl_typesupport_introspection_cpp.hpp
[10.269s] -- Installing: /home/subin/subin_ws/ADS_Mission_Normal/install/ad_msgs/include/ad_msgs/ad_msgs/msg/detail/vehicle_state__type_support.cpp
[10.269s] -- Installing: /home/subin/subin_ws/ADS_Mission_Normal/install/ad_msgs/include/ad_msgs/ad_msgs/msg/detail/mission_display__type_support.cpp
[10.269s] -- Installing: /home/subin/subin_ws/ADS_Mission_Normal/install/ad_msgs/include/ad_msgs/ad_msgs/msg/detail/mission_region__type_support.cpp
[10.270s] -- Installing: /home/subin/subin_ws/ADS_Mission_Normal/install/ad_msgs/include/ad_msgs/ad_msgs/msg/detail/mission_object__rosidl_typesupport_introspection_cpp.hpp
[10.270s] -- Installing: /home/subin/subin_ws/ADS_Mission_Normal/install/ad_msgs/include/ad_msgs/ad_msgs/msg/detail/vehicle_command__type_support.cpp
[10.270s] -- Installing: /home/subin/subin_ws/ADS_Mission_Normal/install/ad_msgs/include/ad_msgs/ad_msgs/msg/detail/mission__rosidl_typesupport_introspection_cpp.hpp
[10.271s] -- Installing: /home/subin/subin_ws/ADS_Mission_Normal/install/ad_msgs/include/ad_msgs/ad_msgs/msg/detail/polyfit_lane_data_array__type_support.cpp
[10.271s] -- Installing: /home/subin/subin_ws/ADS_Mission_Normal/install/ad_msgs/include/ad_msgs/ad_msgs/msg/detail/lane_point_data__type_support.cpp
[10.271s] -- Installing: /home/subin/subin_ws/ADS_Mission_Normal/install/ad_msgs/include/ad_msgs/ad_msgs/msg/detail/lane_point_data__rosidl_typesupport_introspection_cpp.hpp
[10.272s] -- Installing: /home/subin/subin_ws/ADS_Mission_Normal/install/ad_msgs/include/ad_msgs/ad_msgs/msg/detail/mission_region__rosidl_typesupport_introspection_cpp.hpp
[10.272s] -- Installing: /home/subin/subin_ws/ADS_Mission_Normal/install/ad_msgs/include/ad_msgs/ad_msgs/msg/detail/polyfit_lane_data__type_support.cpp
[10.272s] -- Installing: /home/subin/subin_ws/ADS_Mission_Normal/install/ad_msgs/include/ad_msgs/ad_msgs/msg/detail/mission__type_support.cpp
[10.272s] -- Installing: /home/subin/subin_ws/ADS_Mission_Normal/install/ad_msgs/include/ad_msgs/ad_msgs/msg/detail/vehicle_command__rosidl_typesupport_introspection_cpp.hpp
[10.272s] -- Installing: /home/subin/subin_ws/ADS_Mission_Normal/install/ad_msgs/include/ad_msgs/ad_msgs/msg/detail/polyfit_lane_data__rosidl_typesupport_introspection_cpp.hpp
[10.272s] -- Installing: /home/subin/subin_ws/ADS_Mission_Normal/install/ad_msgs/include/ad_msgs/ad_msgs/msg/detail/lane_point_data_array__type_support.cpp
[10.273s] -- Installing: /home/subin/subin_ws/ADS_Mission_Normal/install/ad_msgs/include/ad_msgs/ad_msgs/msg/detail/polyfit_lane_data_array__rosidl_typesupport_introspection_cpp.hpp
[10.273s] -- Installing: /home/subin/subin_ws/ADS_Mission_Normal/install/ad_msgs/lib/libad_msgs__rosidl_typesupport_introspection_cpp.so
[10.273s] -- Set runtime path of "/home/subin/subin_ws/ADS_Mission_Normal/install/ad_msgs/lib/libad_msgs__rosidl_typesupport_introspection_cpp.so" to ""
[10.273s] -- Installing: /home/subin/subin_ws/ADS_Mission_Normal/install/ad_msgs/lib/libad_msgs__rosidl_typesupport_cpp.so
[10.273s] -- Set runtime path of "/home/subin/subin_ws/ADS_Mission_Normal/install/ad_msgs/lib/libad_msgs__rosidl_typesupport_cpp.so" to ""
[10.273s] -- Installing: /home/subin/subin_ws/ADS_Mission_Normal/install/ad_msgs/share/ad_msgs/environment/pythonpath.sh
[10.273s] -- Installing: /home/subin/subin_ws/ADS_Mission_Normal/install/ad_msgs/share/ad_msgs/environment/pythonpath.dsv
[10.273s] -- Installing: /home/subin/subin_ws/ADS_Mission_Normal/install/ad_msgs/local/lib/python3.10/dist-packages/ad_msgs-0.0.0-py3.10.egg-info
[10.274s] -- Installing: /home/subin/subin_ws/ADS_Mission_Normal/install/ad_msgs/local/lib/python3.10/dist-packages/ad_msgs-0.0.0-py3.10.egg-info/SOURCES.txt
[10.274s] -- Installing: /home/subin/subin_ws/ADS_Mission_Normal/install/ad_msgs/local/lib/python3.10/dist-packages/ad_msgs-0.0.0-py3.10.egg-info/top_level.txt
[10.274s] -- Installing: /home/subin/subin_ws/ADS_Mission_Normal/install/ad_msgs/local/lib/python3.10/dist-packages/ad_msgs-0.0.0-py3.10.egg-info/dependency_links.txt
[10.275s] -- Installing: /home/subin/subin_ws/ADS_Mission_Normal/install/ad_msgs/local/lib/python3.10/dist-packages/ad_msgs-0.0.0-py3.10.egg-info/PKG-INFO
[10.276s] -- Installing: /home/subin/subin_ws/ADS_Mission_Normal/install/ad_msgs/local/lib/python3.10/dist-packages/ad_msgs
[10.276s] -- Installing: /home/subin/subin_ws/ADS_Mission_Normal/install/ad_msgs/local/lib/python3.10/dist-packages/ad_msgs/ad_msgs_s__rosidl_typesupport_fastrtps_c.cpython-310-x86_64-linux-gnu.so
[10.276s] -- Installing: /home/subin/subin_ws/ADS_Mission_Normal/install/ad_msgs/local/lib/python3.10/dist-packages/ad_msgs/libad_msgs__rosidl_generator_py.so
[10.276s] -- Installing: /home/subin/subin_ws/ADS_Mission_Normal/install/ad_msgs/local/lib/python3.10/dist-packages/ad_msgs/ad_msgs_s__rosidl_typesupport_introspection_c.cpython-310-x86_64-linux-gnu.so
[10.277s] -- Installing: /home/subin/subin_ws/ADS_Mission_Normal/install/ad_msgs/local/lib/python3.10/dist-packages/ad_msgs/ad_msgs_s__rosidl_typesupport_c.cpython-310-x86_64-linux-gnu.so
[10.277s] -- Installing: /home/subin/subin_ws/ADS_Mission_Normal/install/ad_msgs/local/lib/python3.10/dist-packages/ad_msgs/msg
[10.277s] -- Installing: /home/subin/subin_ws/ADS_Mission_Normal/install/ad_msgs/local/lib/python3.10/dist-packages/ad_msgs/msg/_mission_region.py
[10.278s] -- Installing: /home/subin/subin_ws/ADS_Mission_Normal/install/ad_msgs/local/lib/python3.10/dist-packages/ad_msgs/msg/_mission_region_s.c
[10.278s] -- Installing: /home/subin/subin_ws/ADS_Mission_Normal/install/ad_msgs/local/lib/python3.10/dist-packages/ad_msgs/msg/_lane_point_data_s.c
[10.278s] -- Installing: /home/subin/subin_ws/ADS_Mission_Normal/install/ad_msgs/local/lib/python3.10/dist-packages/ad_msgs/msg/_polyfit_lane_data_array_s.c
[10.278s] -- Installing: /home/subin/subin_ws/ADS_Mission_Normal/install/ad_msgs/local/lib/python3.10/dist-packages/ad_msgs/msg/_vehicle_state.py
[10.279s] -- Installing: /home/subin/subin_ws/ADS_Mission_Normal/install/ad_msgs/local/lib/python3.10/dist-packages/ad_msgs/msg/_vehicle_command_s.c
[10.279s] -- Installing: /home/subin/subin_ws/ADS_Mission_Normal/install/ad_msgs/local/lib/python3.10/dist-packages/ad_msgs/msg/_lane_point_data_array.py
[10.279s] -- Installing: /home/subin/subin_ws/ADS_Mission_Normal/install/ad_msgs/local/lib/python3.10/dist-packages/ad_msgs/msg/_lane_point_data.py
[10.279s] -- Installing: /home/subin/subin_ws/ADS_Mission_Normal/install/ad_msgs/local/lib/python3.10/dist-packages/ad_msgs/msg/_lane_point_data_array_s.c
[10.279s] -- Installing: /home/subin/subin_ws/ADS_Mission_Normal/install/ad_msgs/local/lib/python3.10/dist-packages/ad_msgs/msg/_mission_object.py
[10.279s] -- Installing: /home/subin/subin_ws/ADS_Mission_Normal/install/ad_msgs/local/lib/python3.10/dist-packages/ad_msgs/msg/_mission_display_s.c
[10.279s] -- Installing: /home/subin/subin_ws/ADS_Mission_Normal/install/ad_msgs/local/lib/python3.10/dist-packages/ad_msgs/msg/_polyfit_lane_data_s.c
[10.280s] -- Installing: /home/subin/subin_ws/ADS_Mission_Normal/install/ad_msgs/local/lib/python3.10/dist-packages/ad_msgs/msg/_mission_display.py
[10.280s] -- Installing: /home/subin/subin_ws/ADS_Mission_Normal/install/ad_msgs/local/lib/python3.10/dist-packages/ad_msgs/msg/__init__.py
[10.280s] -- Installing: /home/subin/subin_ws/ADS_Mission_Normal/install/ad_msgs/local/lib/python3.10/dist-packages/ad_msgs/msg/_vehicle_command.py
[10.280s] -- Installing: /home/subin/subin_ws/ADS_Mission_Normal/install/ad_msgs/local/lib/python3.10/dist-packages/ad_msgs/msg/_mission_s.c
[10.280s] -- Installing: /home/subin/subin_ws/ADS_Mission_Normal/install/ad_msgs/local/lib/python3.10/dist-packages/ad_msgs/msg/_mission_object_s.c
[10.280s] -- Installing: /home/subin/subin_ws/ADS_Mission_Normal/install/ad_msgs/local/lib/python3.10/dist-packages/ad_msgs/msg/_polyfit_lane_data_array.py
[10.280s] -- Installing: /home/subin/subin_ws/ADS_Mission_Normal/install/ad_msgs/local/lib/python3.10/dist-packages/ad_msgs/msg/_vehicle_state_s.c
[10.280s] -- Installing: /home/subin/subin_ws/ADS_Mission_Normal/install/ad_msgs/local/lib/python3.10/dist-packages/ad_msgs/msg/_mission.py
[10.280s] -- Installing: /home/subin/subin_ws/ADS_Mission_Normal/install/ad_msgs/local/lib/python3.10/dist-packages/ad_msgs/msg/_polyfit_lane_data.py
[10.280s] -- Installing: /home/subin/subin_ws/ADS_Mission_Normal/install/ad_msgs/local/lib/python3.10/dist-packages/ad_msgs/_ad_msgs_s.ep.rosidl_typesupport_fastrtps_c.c
[10.280s] -- Installing: /home/subin/subin_ws/ADS_Mission_Normal/install/ad_msgs/local/lib/python3.10/dist-packages/ad_msgs/__init__.py
[10.280s] -- Installing: /home/subin/subin_ws/ADS_Mission_Normal/install/ad_msgs/local/lib/python3.10/dist-packages/ad_msgs/_ad_msgs_s.ep.rosidl_typesupport_introspection_c.c
[10.280s] -- Installing: /home/subin/subin_ws/ADS_Mission_Normal/install/ad_msgs/local/lib/python3.10/dist-packages/ad_msgs/_ad_msgs_s.ep.rosidl_typesupport_c.c
[10.315s] Listing '/home/subin/subin_ws/ADS_Mission_Normal/install/ad_msgs/local/lib/python3.10/dist-packages/ad_msgs'...
[10.315s] Compiling '/home/subin/subin_ws/ADS_Mission_Normal/install/ad_msgs/local/lib/python3.10/dist-packages/ad_msgs/__init__.py'...
[10.315s] Listing '/home/subin/subin_ws/ADS_Mission_Normal/install/ad_msgs/local/lib/python3.10/dist-packages/ad_msgs/msg'...
[10.315s] Compiling '/home/subin/subin_ws/ADS_Mission_Normal/install/ad_msgs/local/lib/python3.10/dist-packages/ad_msgs/msg/__init__.py'...
[10.315s] Compiling '/home/subin/subin_ws/ADS_Mission_Normal/install/ad_msgs/local/lib/python3.10/dist-packages/ad_msgs/msg/_lane_point_data.py'...
[10.315s] Compiling '/home/subin/subin_ws/ADS_Mission_Normal/install/ad_msgs/local/lib/python3.10/dist-packages/ad_msgs/msg/_lane_point_data_array.py'...
[10.315s] Compiling '/home/subin/subin_ws/ADS_Mission_Normal/install/ad_msgs/local/lib/python3.10/dist-packages/ad_msgs/msg/_mission.py'...
[10.315s] Compiling '/home/subin/subin_ws/ADS_Mission_Normal/install/ad_msgs/local/lib/python3.10/dist-packages/ad_msgs/msg/_mission_display.py'...
[10.315s] Compiling '/home/subin/subin_ws/ADS_Mission_Normal/install/ad_msgs/local/lib/python3.10/dist-packages/ad_msgs/msg/_mission_object.py'...
[10.315s] Compiling '/home/subin/subin_ws/ADS_Mission_Normal/install/ad_msgs/local/lib/python3.10/dist-packages/ad_msgs/msg/_mission_region.py'...
[10.315s] Compiling '/home/subin/subin_ws/ADS_Mission_Normal/install/ad_msgs/local/lib/python3.10/dist-packages/ad_msgs/msg/_polyfit_lane_data.py'...
[10.315s] Compiling '/home/subin/subin_ws/ADS_Mission_Normal/install/ad_msgs/local/lib/python3.10/dist-packages/ad_msgs/msg/_polyfit_lane_data_array.py'...
[10.315s] Compiling '/home/subin/subin_ws/ADS_Mission_Normal/install/ad_msgs/local/lib/python3.10/dist-packages/ad_msgs/msg/_vehicle_command.py'...
[10.315s] Compiling '/home/subin/subin_ws/ADS_Mission_Normal/install/ad_msgs/local/lib/python3.10/dist-packages/ad_msgs/msg/_vehicle_state.py'...
[10.319s] -- Installing: /home/subin/subin_ws/ADS_Mission_Normal/install/ad_msgs/local/lib/python3.10/dist-packages/ad_msgs/ad_msgs_s__rosidl_typesupport_fastrtps_c.cpython-310-x86_64-linux-gnu.so
[10.320s] -- Set runtime path of "/home/subin/subin_ws/ADS_Mission_Normal/install/ad_msgs/local/lib/python3.10/dist-packages/ad_msgs/ad_msgs_s__rosidl_typesupport_fastrtps_c.cpython-310-x86_64-linux-gnu.so" to ""
[10.320s] -- Installing: /home/subin/subin_ws/ADS_Mission_Normal/install/ad_msgs/local/lib/python3.10/dist-packages/ad_msgs/ad_msgs_s__rosidl_typesupport_introspection_c.cpython-310-x86_64-linux-gnu.so
[10.320s] -- Set runtime path of "/home/subin/subin_ws/ADS_Mission_Normal/install/ad_msgs/local/lib/python3.10/dist-packages/ad_msgs/ad_msgs_s__rosidl_typesupport_introspection_c.cpython-310-x86_64-linux-gnu.so" to ""
[10.320s] -- Installing: /home/subin/subin_ws/ADS_Mission_Normal/install/ad_msgs/local/lib/python3.10/dist-packages/ad_msgs/ad_msgs_s__rosidl_typesupport_c.cpython-310-x86_64-linux-gnu.so
[10.320s] -- Set runtime path of "/home/subin/subin_ws/ADS_Mission_Normal/install/ad_msgs/local/lib/python3.10/dist-packages/ad_msgs/ad_msgs_s__rosidl_typesupport_c.cpython-310-x86_64-linux-gnu.so" to ""
[10.321s] -- Installing: /home/subin/subin_ws/ADS_Mission_Normal/install/ad_msgs/lib/libad_msgs__rosidl_generator_py.so
[10.321s] -- Set runtime path of "/home/subin/subin_ws/ADS_Mission_Normal/install/ad_msgs/lib/libad_msgs__rosidl_generator_py.so" to ""
[10.321s] -- Installing: /home/subin/subin_ws/ADS_Mission_Normal/install/ad_msgs/share/ad_msgs/msg/VehicleState.idl
[10.321s] -- Installing: /home/subin/subin_ws/ADS_Mission_Normal/install/ad_msgs/share/ad_msgs/msg/VehicleCommand.idl
[10.321s] -- Installing: /home/subin/subin_ws/ADS_Mission_Normal/install/ad_msgs/share/ad_msgs/msg/Mission.idl
[10.321s] -- Installing: /home/subin/subin_ws/ADS_Mission_Normal/install/ad_msgs/share/ad_msgs/msg/MissionObject.idl
[10.321s] -- Installing: /home/subin/subin_ws/ADS_Mission_Normal/install/ad_msgs/share/ad_msgs/msg/MissionRegion.idl
[10.322s] -- Installing: /home/subin/subin_ws/ADS_Mission_Normal/install/ad_msgs/share/ad_msgs/msg/MissionDisplay.idl
[10.322s] -- Installing: /home/subin/subin_ws/ADS_Mission_Normal/install/ad_msgs/share/ad_msgs/msg/PolyfitLaneData.idl
[10.322s] -- Installing: /home/subin/subin_ws/ADS_Mission_Normal/install/ad_msgs/share/ad_msgs/msg/LanePointData.idl
[10.322s] -- Installing: /home/subin/subin_ws/ADS_Mission_Normal/install/ad_msgs/share/ad_msgs/msg/LanePointDataArray.idl
[10.322s] -- Installing: /home/subin/subin_ws/ADS_Mission_Normal/install/ad_msgs/share/ad_msgs/msg/PolyfitLaneDataArray.idl
[10.322s] -- Installing: /home/subin/subin_ws/ADS_Mission_Normal/install/ad_msgs/share/ad_msgs/msg/VehicleState.msg
[10.322s] -- Installing: /home/subin/subin_ws/ADS_Mission_Normal/install/ad_msgs/share/ad_msgs/msg/VehicleCommand.msg
[10.322s] -- Installing: /home/subin/subin_ws/ADS_Mission_Normal/install/ad_msgs/share/ad_msgs/msg/Mission.msg
[10.322s] -- Installing: /home/subin/subin_ws/ADS_Mission_Normal/install/ad_msgs/share/ad_msgs/msg/MissionObject.msg
[10.322s] -- Installing: /home/subin/subin_ws/ADS_Mission_Normal/install/ad_msgs/share/ad_msgs/msg/MissionRegion.msg
[10.322s] -- Installing: /home/subin/subin_ws/ADS_Mission_Normal/install/ad_msgs/share/ad_msgs/msg/MissionDisplay.msg
[10.323s] -- Installing: /home/subin/subin_ws/ADS_Mission_Normal/install/ad_msgs/share/ad_msgs/msg/PolyfitLaneData.msg
[10.323s] -- Installing: /home/subin/subin_ws/ADS_Mission_Normal/install/ad_msgs/share/ad_msgs/msg/LanePointData.msg
[10.323s] -- Installing: /home/subin/subin_ws/ADS_Mission_Normal/install/ad_msgs/share/ad_msgs/msg/LanePointDataArray.msg
[10.323s] -- Installing: /home/subin/subin_ws/ADS_Mission_Normal/install/ad_msgs/share/ad_msgs/msg/PolyfitLaneDataArray.msg
[10.323s] -- Installing: /home/subin/subin_ws/ADS_Mission_Normal/install/ad_msgs/share/ament_index/resource_index/package_run_dependencies/ad_msgs
[10.323s] -- Installing: /home/subin/subin_ws/ADS_Mission_Normal/install/ad_msgs/share/ament_index/resource_index/parent_prefix_path/ad_msgs
[10.323s] -- Installing: /home/subin/subin_ws/ADS_Mission_Normal/install/ad_msgs/share/ad_msgs/environment/ament_prefix_path.sh
[10.323s] -- Installing: /home/subin/subin_ws/ADS_Mission_Normal/install/ad_msgs/share/ad_msgs/environment/ament_prefix_path.dsv
[10.324s] -- Installing: /home/subin/subin_ws/ADS_Mission_Normal/install/ad_msgs/share/ad_msgs/environment/path.sh
[10.324s] -- Installing: /home/subin/subin_ws/ADS_Mission_Normal/install/ad_msgs/share/ad_msgs/environment/path.dsv
[10.324s] -- Installing: /home/subin/subin_ws/ADS_Mission_Normal/install/ad_msgs/share/ad_msgs/local_setup.bash
[10.324s] -- Installing: /home/subin/subin_ws/ADS_Mission_Normal/install/ad_msgs/share/ad_msgs/local_setup.sh
[10.324s] -- Installing: /home/subin/subin_ws/ADS_Mission_Normal/install/ad_msgs/share/ad_msgs/local_setup.zsh
[10.324s] -- Installing: /home/subin/subin_ws/ADS_Mission_Normal/install/ad_msgs/share/ad_msgs/local_setup.dsv
[10.325s] -- Installing: /home/subin/subin_ws/ADS_Mission_Normal/install/ad_msgs/share/ad_msgs/package.dsv
[10.325s] -- Installing: /home/subin/subin_ws/ADS_Mission_Normal/install/ad_msgs/share/ament_index/resource_index/packages/ad_msgs
[10.325s] -- Installing: /home/subin/subin_ws/ADS_Mission_Normal/install/ad_msgs/share/ad_msgs/cmake/export_ad_msgs__rosidl_generator_cExport.cmake
[10.325s] -- Installing: /home/subin/subin_ws/ADS_Mission_Normal/install/ad_msgs/share/ad_msgs/cmake/export_ad_msgs__rosidl_generator_cExport-noconfig.cmake
[10.325s] -- Installing: /home/subin/subin_ws/ADS_Mission_Normal/install/ad_msgs/share/ad_msgs/cmake/export_ad_msgs__rosidl_typesupport_fastrtps_cExport.cmake
[10.325s] -- Installing: /home/subin/subin_ws/ADS_Mission_Normal/install/ad_msgs/share/ad_msgs/cmake/export_ad_msgs__rosidl_typesupport_fastrtps_cExport-noconfig.cmake
[10.325s] -- Installing: /home/subin/subin_ws/ADS_Mission_Normal/install/ad_msgs/share/ad_msgs/cmake/ad_msgs__rosidl_typesupport_introspection_cExport.cmake
[10.325s] -- Installing: /home/subin/subin_ws/ADS_Mission_Normal/install/ad_msgs/share/ad_msgs/cmake/ad_msgs__rosidl_typesupport_introspection_cExport-noconfig.cmake
[10.325s] -- Installing: /home/subin/subin_ws/ADS_Mission_Normal/install/ad_msgs/share/ad_msgs/cmake/ad_msgs__rosidl_typesupport_cExport.cmake
[10.325s] -- Installing: /home/subin/subin_ws/ADS_Mission_Normal/install/ad_msgs/share/ad_msgs/cmake/ad_msgs__rosidl_typesupport_cExport-noconfig.cmake
[10.326s] -- Installing: /home/subin/subin_ws/ADS_Mission_Normal/install/ad_msgs/share/ad_msgs/cmake/export_ad_msgs__rosidl_generator_cppExport.cmake
[10.326s] -- Installing: /home/subin/subin_ws/ADS_Mission_Normal/install/ad_msgs/share/ad_msgs/cmake/export_ad_msgs__rosidl_typesupport_fastrtps_cppExport.cmake
[10.326s] -- Installing: /home/subin/subin_ws/ADS_Mission_Normal/install/ad_msgs/share/ad_msgs/cmake/export_ad_msgs__rosidl_typesupport_fastrtps_cppExport-noconfig.cmake
[10.326s] -- Installing: /home/subin/subin_ws/ADS_Mission_Normal/install/ad_msgs/share/ad_msgs/cmake/ad_msgs__rosidl_typesupport_introspection_cppExport.cmake
[10.326s] -- Installing: /home/subin/subin_ws/ADS_Mission_Normal/install/ad_msgs/share/ad_msgs/cmake/ad_msgs__rosidl_typesupport_introspection_cppExport-noconfig.cmake
[10.326s] -- Installing: /home/subin/subin_ws/ADS_Mission_Normal/install/ad_msgs/share/ad_msgs/cmake/ad_msgs__rosidl_typesupport_cppExport.cmake
[10.326s] -- Installing: /home/subin/subin_ws/ADS_Mission_Normal/install/ad_msgs/share/ad_msgs/cmake/ad_msgs__rosidl_typesupport_cppExport-noconfig.cmake
[10.326s] -- Installing: /home/subin/subin_ws/ADS_Mission_Normal/install/ad_msgs/share/ad_msgs/cmake/export_ad_msgs__rosidl_generator_pyExport.cmake
[10.326s] -- Installing: /home/subin/subin_ws/ADS_Mission_Normal/install/ad_msgs/share/ad_msgs/cmake/export_ad_msgs__rosidl_generator_pyExport-noconfig.cmake
[10.327s] -- Installing: /home/subin/subin_ws/ADS_Mission_Normal/install/ad_msgs/share/ad_msgs/cmake/rosidl_cmake-extras.cmake
[10.327s] -- Installing: /home/subin/subin_ws/ADS_Mission_Normal/install/ad_msgs/share/ad_msgs/cmake/ament_cmake_export_dependencies-extras.cmake
[10.327s] -- Installing: /home/subin/subin_ws/ADS_Mission_Normal/install/ad_msgs/share/ad_msgs/cmake/ament_cmake_export_include_directories-extras.cmake
[10.327s] -- Installing: /home/subin/subin_ws/ADS_Mission_Normal/install/ad_msgs/share/ad_msgs/cmake/ament_cmake_export_libraries-extras.cmake
[10.327s] -- Installing: /home/subin/subin_ws/ADS_Mission_Normal/install/ad_msgs/share/ad_msgs/cmake/ament_cmake_export_targets-extras.cmake
[10.327s] -- Installing: /home/subin/subin_ws/ADS_Mission_Normal/install/ad_msgs/share/ad_msgs/cmake/rosidl_cmake_export_typesupport_targets-extras.cmake
[10.327s] -- Installing: /home/subin/subin_ws/ADS_Mission_Normal/install/ad_msgs/share/ad_msgs/cmake/rosidl_cmake_export_typesupport_libraries-extras.cmake
[10.327s] -- Installing: /home/subin/subin_ws/ADS_Mission_Normal/install/ad_msgs/share/ad_msgs/cmake/ad_msgsConfig.cmake
[10.327s] -- Installing: /home/subin/subin_ws/ADS_Mission_Normal/install/ad_msgs/share/ad_msgs/cmake/ad_msgsConfig-version.cmake
[10.327s] -- Installing: /home/subin/subin_ws/ADS_Mission_Normal/install/ad_msgs/share/ad_msgs/package.xml
[10.330s] Invoked command in '/home/subin/subin_ws/ADS_Mission_Normal/build/ad_msgs' returned '0': CMAKE_PREFIX_PATH=${CMAKE_PREFIX_PATH}:/opt/ros/humble /usr/bin/cmake --install /home/subin/subin_ws/ADS_Mission_Normal/build/ad_msgs
