[0.120s] Invoking command in '/home/subin/subin_ws/ADS_Mission_Normal/build/mission_manager': AMENT_PREFIX_PATH=/home/subin/subin_ws/ADS_Mission_Normal/install/ad_msgs:${AMENT_PREFIX_PATH} CMAKE_PREFIX_PATH=/home/subin/subin_ws/ADS_Mission_Normal/install/ad_msgs:/home/subin/subin_ws/Autonomous_Driving_Software_Final/install/simulator:/home/subin/subin_ws/Autonomous_Driving_Software_Final/install/mission_manager:/home/subin/subin_ws/Autonomous_Driving_Software_Final/install/evaluation:/home/subin/subin_ws/Autonomous_Driving_Software_Final/install/autonomous_driving:/home/subin/subin_ws/Autonomous_Driving_Software_Final/install/ad_msgs:/home/subin/subin_ws/ADS_Final_MissionHard/install/simulator:/home/subin/subin_ws/ADS_Final_MissionHard/install/mission_manager:/home/subin/subin_ws/ADS_Final_MissionHard/install/evaluation:/home/subin/subin_ws/ADS_Final_MissionHard/install/autonomous_driving:/home/subin/subin_ws/ADS_Final_MissionHard/install/ad_msgs:/opt/ros/humble LD_LIBRARY_PATH=/home/subin/subin_ws/ADS_Mission_Normal/install/ad_msgs/lib:${LD_LIBRARY_PATH} PYTHONPATH=/home/subin/subin_ws/ADS_Mission_Normal/install/ad_msgs/local/lib/python3.10/dist-packages:${PYTHONPATH} /usr/bin/cmake /home/subin/subin_ws/ADS_Mission_Normal/src/app/mission_manager -DCMAKE_INSTALL_PREFIX=/home/subin/subin_ws/ADS_Mission_Normal/install/mission_manager
[0.278s] -- The C compiler identification is GNU 11.4.0
[0.825s] -- The CXX compiler identification is GNU 11.4.0
[1.311s] -- Detecting C compiler ABI info
[1.568s] -- Detecting C compiler ABI info - done
[1.575s] -- Check for working C compiler: /usr/bin/cc - skipped
[1.575s] -- Detecting C compile features
[1.575s] -- Detecting C compile features - done
[1.578s] -- Detecting CXX compiler ABI info
[1.796s] -- Detecting CXX compiler ABI info - done
[1.803s] -- Check for working CXX compiler: /usr/bin/c++ - skipped
[1.804s] -- Detecting CXX compile features
[1.804s] -- Detecting CXX compile features - done
[1.807s] -- Found ament_cmake: 1.3.12 (/opt/ros/humble/share/ament_cmake/cmake)
[1.981s] -- Found Python3: /usr/bin/python3 (found version "3.10.12") found components: Interpreter 
[2.075s] -- Found rclcpp: 16.0.16 (/opt/ros/humble/share/rclcpp/cmake)
[2.253s] -- Found rosidl_generator_c: 3.1.7 (/opt/ros/humble/share/rosidl_generator_c/cmake)
[2.258s] -- Found rosidl_adapter: 3.1.7 (/opt/ros/humble/share/rosidl_adapter/cmake)
[2.265s] -- Found rosidl_generator_cpp: 3.1.7 (/opt/ros/humble/share/rosidl_generator_cpp/cmake)
[2.278s] -- Using all available rosidl_typesupport_c: rosidl_typesupport_fastrtps_c;rosidl_typesupport_introspection_c
[2.293s] -- Using all available rosidl_typesupport_cpp: rosidl_typesupport_fastrtps_cpp;rosidl_typesupport_introspection_cpp
[2.334s] -- Found rmw_implementation_cmake: 6.1.2 (/opt/ros/humble/share/rmw_implementation_cmake/cmake)
[2.336s] -- Found rmw_fastrtps_cpp: 6.2.9 (/opt/ros/humble/share/rmw_fastrtps_cpp/cmake)
[3.304s] -- Found OpenSSL: /usr/lib/x86_64-linux-gnu/libcrypto.so (found version "3.0.2")  
[4.381s] -- Found FastRTPS: /opt/ros/humble/include  
[7.636s] -- Using RMW implementation 'rmw_fastrtps_cpp' as default
[7.642s] -- Looking for pthread.h
[7.826s] -- Looking for pthread.h - found
[7.827s] -- Performing Test CMAKE_HAVE_LIBC_PTHREAD
[8.067s] -- Performing Test CMAKE_HAVE_LIBC_PTHREAD - Success
[8.069s] -- Found Threads: TRUE  
[8.126s] -- Found ad_msgs: 0.0.0 (/home/subin/subin_ws/ADS_Mission_Normal/install/ad_msgs/share/ad_msgs/cmake)
[8.192s] -- Found rviz_2d_overlay_msgs: 1.4.0 (/opt/ros/humble/share/rviz_2d_overlay_msgs/cmake)
[8.202s] -- Found tf2: 0.25.17 (/opt/ros/humble/share/tf2/cmake)
[8.210s] -- Found tf2_ros: 0.25.17 (/opt/ros/humble/share/tf2_ros/cmake)
[8.286s] -- Found tf2_geometry_msgs: 0.25.17 (/opt/ros/humble/share/tf2_geometry_msgs/cmake)
[8.367s] -- Found eigen3_cmake_module: 0.1.1 (/opt/ros/humble/share/eigen3_cmake_module/cmake)
[8.369s] -- Found Eigen3: TRUE (found version "3.4.0") 
[8.369s] -- Ensuring Eigen3 include directory is part of orocos-kdl CMake target
[8.380s] -- Found Boost: /usr/lib/x86_64-linux-gnu/cmake/Boost-1.74.0/BoostConfig.cmake (found version "1.74.0") found components: system filesystem 
[8.469s] -- Configuring done
[8.495s] -- Generating done
[8.503s] -- Build files have been written to: /home/subin/subin_ws/ADS_Mission_Normal/build/mission_manager
[8.524s] Invoked command in '/home/subin/subin_ws/ADS_Mission_Normal/build/mission_manager' returned '0': AMENT_PREFIX_PATH=/home/subin/subin_ws/ADS_Mission_Normal/install/ad_msgs:${AMENT_PREFIX_PATH} CMAKE_PREFIX_PATH=/home/subin/subin_ws/ADS_Mission_Normal/install/ad_msgs:/home/subin/subin_ws/Autonomous_Driving_Software_Final/install/simulator:/home/subin/subin_ws/Autonomous_Driving_Software_Final/install/mission_manager:/home/subin/subin_ws/Autonomous_Driving_Software_Final/install/evaluation:/home/subin/subin_ws/Autonomous_Driving_Software_Final/install/autonomous_driving:/home/subin/subin_ws/Autonomous_Driving_Software_Final/install/ad_msgs:/home/subin/subin_ws/ADS_Final_MissionHard/install/simulator:/home/subin/subin_ws/ADS_Final_MissionHard/install/mission_manager:/home/subin/subin_ws/ADS_Final_MissionHard/install/evaluation:/home/subin/subin_ws/ADS_Final_MissionHard/install/autonomous_driving:/home/subin/subin_ws/ADS_Final_MissionHard/install/ad_msgs:/opt/ros/humble LD_LIBRARY_PATH=/home/subin/subin_ws/ADS_Mission_Normal/install/ad_msgs/lib:${LD_LIBRARY_PATH} PYTHONPATH=/home/subin/subin_ws/ADS_Mission_Normal/install/ad_msgs/local/lib/python3.10/dist-packages:${PYTHONPATH} /usr/bin/cmake /home/subin/subin_ws/ADS_Mission_Normal/src/app/mission_manager -DCMAKE_INSTALL_PREFIX=/home/subin/subin_ws/ADS_Mission_Normal/install/mission_manager
[8.528s] Invoking command in '/home/subin/subin_ws/ADS_Mission_Normal/build/mission_manager': AMENT_PREFIX_PATH=/home/subin/subin_ws/ADS_Mission_Normal/install/ad_msgs:${AMENT_PREFIX_PATH} CMAKE_PREFIX_PATH=/home/subin/subin_ws/ADS_Mission_Normal/install/ad_msgs:/home/subin/subin_ws/Autonomous_Driving_Software_Final/install/simulator:/home/subin/subin_ws/Autonomous_Driving_Software_Final/install/mission_manager:/home/subin/subin_ws/Autonomous_Driving_Software_Final/install/evaluation:/home/subin/subin_ws/Autonomous_Driving_Software_Final/install/autonomous_driving:/home/subin/subin_ws/Autonomous_Driving_Software_Final/install/ad_msgs:/home/subin/subin_ws/ADS_Final_MissionHard/install/simulator:/home/subin/subin_ws/ADS_Final_MissionHard/install/mission_manager:/home/subin/subin_ws/ADS_Final_MissionHard/install/evaluation:/home/subin/subin_ws/ADS_Final_MissionHard/install/autonomous_driving:/home/subin/subin_ws/ADS_Final_MissionHard/install/ad_msgs:/opt/ros/humble LD_LIBRARY_PATH=/home/subin/subin_ws/ADS_Mission_Normal/install/ad_msgs/lib:${LD_LIBRARY_PATH} PYTHONPATH=/home/subin/subin_ws/ADS_Mission_Normal/install/ad_msgs/local/lib/python3.10/dist-packages:${PYTHONPATH} /usr/bin/cmake --build /home/subin/subin_ws/ADS_Mission_Normal/build/mission_manager -- -j22 -l22
[8.601s] [ 33%] [32mBuilding CXX object CMakeFiles/mission_manager.dir/src/mission_manager_node.cpp.o[0m
[8.602s] [ 66%] [32mBuilding CXX object CMakeFiles/mission_manager.dir/home/subin/subin_ws/ADS_Mission_Normal/src/bsw/system/interface/interface_lane.cpp.o[0m
[9.781s] [01m[K/home/subin/subin_ws/ADS_Mission_Normal/src/bsw/system/interface/interface_lane.cpp:[m[K In member function ‘[01m[Kbool SLanes::ImportLaneCsvFile(std::string)[m[K’:
[9.782s] [01m[K/home/subin/subin_ws/ADS_Mission_Normal/src/bsw/system/interface/interface_lane.cpp:26:9:[m[K [01;35m[Kwarning: [m[Kunused variable ‘[01m[KnLaneID[m[K’ [[01;35m[K]8;;https://gcc.gnu.org/onlinedocs/gcc/Warning-Options.html#index-Wunused-variable-Wunused-variable]8;;[m[K]
[9.782s]    26 |     int [01;35m[KnLaneID[m[K = 0;
[9.782s]       |         [01;35m[K^~~~~~~[m[K
[29.910s] [100%] [32m[1mLinking CXX executable mission_manager[0m
[30.932s] [100%] Built target mission_manager
[30.944s] Invoked command in '/home/subin/subin_ws/ADS_Mission_Normal/build/mission_manager' returned '0': AMENT_PREFIX_PATH=/home/subin/subin_ws/ADS_Mission_Normal/install/ad_msgs:${AMENT_PREFIX_PATH} CMAKE_PREFIX_PATH=/home/subin/subin_ws/ADS_Mission_Normal/install/ad_msgs:/home/subin/subin_ws/Autonomous_Driving_Software_Final/install/simulator:/home/subin/subin_ws/Autonomous_Driving_Software_Final/install/mission_manager:/home/subin/subin_ws/Autonomous_Driving_Software_Final/install/evaluation:/home/subin/subin_ws/Autonomous_Driving_Software_Final/install/autonomous_driving:/home/subin/subin_ws/Autonomous_Driving_Software_Final/install/ad_msgs:/home/subin/subin_ws/ADS_Final_MissionHard/install/simulator:/home/subin/subin_ws/ADS_Final_MissionHard/install/mission_manager:/home/subin/subin_ws/ADS_Final_MissionHard/install/evaluation:/home/subin/subin_ws/ADS_Final_MissionHard/install/autonomous_driving:/home/subin/subin_ws/ADS_Final_MissionHard/install/ad_msgs:/opt/ros/humble LD_LIBRARY_PATH=/home/subin/subin_ws/ADS_Mission_Normal/install/ad_msgs/lib:${LD_LIBRARY_PATH} PYTHONPATH=/home/subin/subin_ws/ADS_Mission_Normal/install/ad_msgs/local/lib/python3.10/dist-packages:${PYTHONPATH} /usr/bin/cmake --build /home/subin/subin_ws/ADS_Mission_Normal/build/mission_manager -- -j22 -l22
[30.946s] Invoking command in '/home/subin/subin_ws/ADS_Mission_Normal/build/mission_manager': AMENT_PREFIX_PATH=/home/subin/subin_ws/ADS_Mission_Normal/install/ad_msgs:${AMENT_PREFIX_PATH} CMAKE_PREFIX_PATH=/home/subin/subin_ws/ADS_Mission_Normal/install/ad_msgs:/home/subin/subin_ws/Autonomous_Driving_Software_Final/install/simulator:/home/subin/subin_ws/Autonomous_Driving_Software_Final/install/mission_manager:/home/subin/subin_ws/Autonomous_Driving_Software_Final/install/evaluation:/home/subin/subin_ws/Autonomous_Driving_Software_Final/install/autonomous_driving:/home/subin/subin_ws/Autonomous_Driving_Software_Final/install/ad_msgs:/home/subin/subin_ws/ADS_Final_MissionHard/install/simulator:/home/subin/subin_ws/ADS_Final_MissionHard/install/mission_manager:/home/subin/subin_ws/ADS_Final_MissionHard/install/evaluation:/home/subin/subin_ws/ADS_Final_MissionHard/install/autonomous_driving:/home/subin/subin_ws/ADS_Final_MissionHard/install/ad_msgs:/opt/ros/humble LD_LIBRARY_PATH=/home/subin/subin_ws/ADS_Mission_Normal/install/ad_msgs/lib:${LD_LIBRARY_PATH} PYTHONPATH=/home/subin/subin_ws/ADS_Mission_Normal/install/ad_msgs/local/lib/python3.10/dist-packages:${PYTHONPATH} /usr/bin/cmake --install /home/subin/subin_ws/ADS_Mission_Normal/build/mission_manager
[30.952s] -- Install configuration: ""
[30.953s] -- Installing: /home/subin/subin_ws/ADS_Mission_Normal/install/mission_manager/lib/mission_manager/mission_manager
[30.957s] -- Set runtime path of "/home/subin/subin_ws/ADS_Mission_Normal/install/mission_manager/lib/mission_manager/mission_manager" to ""
[30.957s] -- Installing: /home/subin/subin_ws/ADS_Mission_Normal/install/mission_manager/share/mission_manager/launch
[30.959s] -- Installing: /home/subin/subin_ws/ADS_Mission_Normal/install/mission_manager/share/mission_manager/launch/mission_manager.launch.xml
[30.961s] -- Installing: /home/subin/subin_ws/ADS_Mission_Normal/install/mission_manager/share/ament_index/resource_index/package_run_dependencies/mission_manager
[30.961s] -- Installing: /home/subin/subin_ws/ADS_Mission_Normal/install/mission_manager/share/ament_index/resource_index/parent_prefix_path/mission_manager
[30.962s] -- Installing: /home/subin/subin_ws/ADS_Mission_Normal/install/mission_manager/share/mission_manager/environment/ament_prefix_path.sh
[30.962s] -- Installing: /home/subin/subin_ws/ADS_Mission_Normal/install/mission_manager/share/mission_manager/environment/ament_prefix_path.dsv
[30.962s] -- Installing: /home/subin/subin_ws/ADS_Mission_Normal/install/mission_manager/share/mission_manager/environment/path.sh
[30.962s] -- Installing: /home/subin/subin_ws/ADS_Mission_Normal/install/mission_manager/share/mission_manager/environment/path.dsv
[30.963s] -- Installing: /home/subin/subin_ws/ADS_Mission_Normal/install/mission_manager/share/mission_manager/local_setup.bash
[30.963s] -- Installing: /home/subin/subin_ws/ADS_Mission_Normal/install/mission_manager/share/mission_manager/local_setup.sh
[30.963s] -- Installing: /home/subin/subin_ws/ADS_Mission_Normal/install/mission_manager/share/mission_manager/local_setup.zsh
[30.963s] -- Installing: /home/subin/subin_ws/ADS_Mission_Normal/install/mission_manager/share/mission_manager/local_setup.dsv
[30.964s] -- Installing: /home/subin/subin_ws/ADS_Mission_Normal/install/mission_manager/share/mission_manager/package.dsv
[30.964s] -- Installing: /home/subin/subin_ws/ADS_Mission_Normal/install/mission_manager/share/ament_index/resource_index/packages/mission_manager
[30.964s] -- Installing: /home/subin/subin_ws/ADS_Mission_Normal/install/mission_manager/share/mission_manager/cmake/mission_managerConfig.cmake
[30.964s] -- Installing: /home/subin/subin_ws/ADS_Mission_Normal/install/mission_manager/share/mission_manager/cmake/mission_managerConfig-version.cmake
[30.964s] -- Installing: /home/subin/subin_ws/ADS_Mission_Normal/install/mission_manager/share/mission_manager/package.xml
[30.966s] Invoked command in '/home/subin/subin_ws/ADS_Mission_Normal/build/mission_manager' returned '0': AMENT_PREFIX_PATH=/home/subin/subin_ws/ADS_Mission_Normal/install/ad_msgs:${AMENT_PREFIX_PATH} CMAKE_PREFIX_PATH=/home/subin/subin_ws/ADS_Mission_Normal/install/ad_msgs:/home/subin/subin_ws/Autonomous_Driving_Software_Final/install/simulator:/home/subin/subin_ws/Autonomous_Driving_Software_Final/install/mission_manager:/home/subin/subin_ws/Autonomous_Driving_Software_Final/install/evaluation:/home/subin/subin_ws/Autonomous_Driving_Software_Final/install/autonomous_driving:/home/subin/subin_ws/Autonomous_Driving_Software_Final/install/ad_msgs:/home/subin/subin_ws/ADS_Final_MissionHard/install/simulator:/home/subin/subin_ws/ADS_Final_MissionHard/install/mission_manager:/home/subin/subin_ws/ADS_Final_MissionHard/install/evaluation:/home/subin/subin_ws/ADS_Final_MissionHard/install/autonomous_driving:/home/subin/subin_ws/ADS_Final_MissionHard/install/ad_msgs:/opt/ros/humble LD_LIBRARY_PATH=/home/subin/subin_ws/ADS_Mission_Normal/install/ad_msgs/lib:${LD_LIBRARY_PATH} PYTHONPATH=/home/subin/subin_ws/ADS_Mission_Normal/install/ad_msgs/local/lib/python3.10/dist-packages:${PYTHONPATH} /usr/bin/cmake --install /home/subin/subin_ws/ADS_Mission_Normal/build/mission_manager
