[0.164s] Invoking command in '/home/subin/subin_ws/ADS_Mission_Normal/build/simulator': AMENT_PREFIX_PATH=/home/subin/subin_ws/ADS_Mission_Normal/install/ad_msgs:${AMENT_PREFIX_PATH} CMAKE_PREFIX_PATH=/home/subin/subin_ws/ADS_Mission_Normal/install/ad_msgs:/home/subin/subin_ws/Autonomous_Driving_Software_Final/install/simulator:/home/subin/subin_ws/Autonomous_Driving_Software_Final/install/mission_manager:/home/subin/subin_ws/Autonomous_Driving_Software_Final/install/evaluation:/home/subin/subin_ws/Autonomous_Driving_Software_Final/install/autonomous_driving:/home/subin/subin_ws/Autonomous_Driving_Software_Final/install/ad_msgs:/home/subin/subin_ws/ADS_Final_MissionHard/install/simulator:/home/subin/subin_ws/ADS_Final_MissionHard/install/mission_manager:/home/subin/subin_ws/ADS_Final_MissionHard/install/evaluation:/home/subin/subin_ws/ADS_Final_MissionHard/install/autonomous_driving:/home/subin/subin_ws/ADS_Final_MissionHard/install/ad_msgs:/opt/ros/humble LD_LIBRARY_PATH=/home/subin/subin_ws/ADS_Mission_Normal/install/ad_msgs/lib:${LD_LIBRARY_PATH} PYTHONPATH=/home/subin/subin_ws/ADS_Mission_Normal/install/ad_msgs/local/lib/python3.10/dist-packages:${PYTHONPATH} /usr/bin/cmake /home/subin/subin_ws/ADS_Mission_Normal/src/app/simulator -DCMAKE_INSTALL_PREFIX=/home/subin/subin_ws/ADS_Mission_Normal/install/simulator
[0.339s] -- The C compiler identification is GNU 11.4.0
[0.925s] -- The CXX compiler identification is GNU 11.4.0
[1.420s] -- Detecting C compiler ABI info
[1.640s] -- Detecting C compiler ABI info - done
[1.647s] -- Check for working C compiler: /usr/bin/cc - skipped
[1.648s] -- Detecting C compile features
[1.648s] -- Detecting C compile features - done
[1.651s] -- Detecting CXX compiler ABI info
[1.869s] -- Detecting CXX compiler ABI info - done
[1.877s] -- Check for working CXX compiler: /usr/bin/c++ - skipped
[1.877s] -- Detecting CXX compile features
[1.878s] -- Detecting CXX compile features - done
[1.879s] -- Found ament_cmake: 1.3.12 (/opt/ros/humble/share/ament_cmake/cmake)
[2.032s] -- Found Python3: /usr/bin/python3 (found version "3.10.12") found components: Interpreter 
[2.116s] -- Found rclcpp: 16.0.16 (/opt/ros/humble/share/rclcpp/cmake)
[2.333s] -- Found rosidl_generator_c: 3.1.7 (/opt/ros/humble/share/rosidl_generator_c/cmake)
[2.336s] -- Found rosidl_adapter: 3.1.7 (/opt/ros/humble/share/rosidl_adapter/cmake)
[2.348s] -- Found rosidl_generator_cpp: 3.1.7 (/opt/ros/humble/share/rosidl_generator_cpp/cmake)
[2.366s] -- Using all available rosidl_typesupport_c: rosidl_typesupport_fastrtps_c;rosidl_typesupport_introspection_c
[2.386s] -- Using all available rosidl_typesupport_cpp: rosidl_typesupport_fastrtps_cpp;rosidl_typesupport_introspection_cpp
[2.432s] -- Found rmw_implementation_cmake: 6.1.2 (/opt/ros/humble/share/rmw_implementation_cmake/cmake)
[2.436s] -- Found rmw_fastrtps_cpp: 6.2.9 (/opt/ros/humble/share/rmw_fastrtps_cpp/cmake)
[4.241s] -- Found OpenSSL: /usr/lib/x86_64-linux-gnu/libcrypto.so (found version "3.0.2")  
[5.611s] -- Found FastRTPS: /opt/ros/humble/include  
[7.632s] -- Using RMW implementation 'rmw_fastrtps_cpp' as default
[7.639s] -- Looking for pthread.h
[7.824s] -- Looking for pthread.h - found
[7.825s] -- Performing Test CMAKE_HAVE_LIBC_PTHREAD
[8.045s] -- Performing Test CMAKE_HAVE_LIBC_PTHREAD - Success
[8.047s] -- Found Threads: TRUE  
[8.108s] -- Found visualization_msgs: 4.9.0 (/opt/ros/humble/share/visualization_msgs/cmake)
[8.164s] -- Found ad_msgs: 0.0.0 (/home/subin/subin_ws/ADS_Mission_Normal/install/ad_msgs/share/ad_msgs/cmake)
[8.202s] -- Found tf2: 0.25.17 (/opt/ros/humble/share/tf2/cmake)
[8.208s] -- Found tf2_ros: 0.25.17 (/opt/ros/humble/share/tf2_ros/cmake)
[8.305s] -- Found Boost: /usr/lib/x86_64-linux-gnu/cmake/Boost-1.74.0/BoostConfig.cmake (found version "1.74.0") found components: system filesystem 
[8.387s] -- Configuring done
[8.428s] -- Generating done
[8.441s] -- Build files have been written to: /home/subin/subin_ws/ADS_Mission_Normal/build/simulator
[8.458s] Invoked command in '/home/subin/subin_ws/ADS_Mission_Normal/build/simulator' returned '0': AMENT_PREFIX_PATH=/home/subin/subin_ws/ADS_Mission_Normal/install/ad_msgs:${AMENT_PREFIX_PATH} CMAKE_PREFIX_PATH=/home/subin/subin_ws/ADS_Mission_Normal/install/ad_msgs:/home/subin/subin_ws/Autonomous_Driving_Software_Final/install/simulator:/home/subin/subin_ws/Autonomous_Driving_Software_Final/install/mission_manager:/home/subin/subin_ws/Autonomous_Driving_Software_Final/install/evaluation:/home/subin/subin_ws/Autonomous_Driving_Software_Final/install/autonomous_driving:/home/subin/subin_ws/Autonomous_Driving_Software_Final/install/ad_msgs:/home/subin/subin_ws/ADS_Final_MissionHard/install/simulator:/home/subin/subin_ws/ADS_Final_MissionHard/install/mission_manager:/home/subin/subin_ws/ADS_Final_MissionHard/install/evaluation:/home/subin/subin_ws/ADS_Final_MissionHard/install/autonomous_driving:/home/subin/subin_ws/ADS_Final_MissionHard/install/ad_msgs:/opt/ros/humble LD_LIBRARY_PATH=/home/subin/subin_ws/ADS_Mission_Normal/install/ad_msgs/lib:${LD_LIBRARY_PATH} PYTHONPATH=/home/subin/subin_ws/ADS_Mission_Normal/install/ad_msgs/local/lib/python3.10/dist-packages:${PYTHONPATH} /usr/bin/cmake /home/subin/subin_ws/ADS_Mission_Normal/src/app/simulator -DCMAKE_INSTALL_PREFIX=/home/subin/subin_ws/ADS_Mission_Normal/install/simulator
[8.461s] Invoking command in '/home/subin/subin_ws/ADS_Mission_Normal/build/simulator': AMENT_PREFIX_PATH=/home/subin/subin_ws/ADS_Mission_Normal/install/ad_msgs:${AMENT_PREFIX_PATH} CMAKE_PREFIX_PATH=/home/subin/subin_ws/ADS_Mission_Normal/install/ad_msgs:/home/subin/subin_ws/Autonomous_Driving_Software_Final/install/simulator:/home/subin/subin_ws/Autonomous_Driving_Software_Final/install/mission_manager:/home/subin/subin_ws/Autonomous_Driving_Software_Final/install/evaluation:/home/subin/subin_ws/Autonomous_Driving_Software_Final/install/autonomous_driving:/home/subin/subin_ws/Autonomous_Driving_Software_Final/install/ad_msgs:/home/subin/subin_ws/ADS_Final_MissionHard/install/simulator:/home/subin/subin_ws/ADS_Final_MissionHard/install/mission_manager:/home/subin/subin_ws/ADS_Final_MissionHard/install/evaluation:/home/subin/subin_ws/ADS_Final_MissionHard/install/autonomous_driving:/home/subin/subin_ws/ADS_Final_MissionHard/install/ad_msgs:/opt/ros/humble LD_LIBRARY_PATH=/home/subin/subin_ws/ADS_Mission_Normal/install/ad_msgs/lib:${LD_LIBRARY_PATH} PYTHONPATH=/home/subin/subin_ws/ADS_Mission_Normal/install/ad_msgs/local/lib/python3.10/dist-packages:${PYTHONPATH} /usr/bin/cmake --build /home/subin/subin_ws/ADS_Mission_Normal/build/simulator -- -j22 -l22
[8.524s] [ 14%] [32mBuilding CXX object CMakeFiles/display.dir/src/display/display_node.cpp.o[0m
[8.524s] [ 28%] [32mBuilding CXX object CMakeFiles/vehicle.dir/src/vehicle/vehicle_simulator_node.cpp.o[0m
[8.525s] [ 42%] [32mBuilding CXX object CMakeFiles/lane_detection.dir/home/subin/subin_ws/ADS_Mission_Normal/src/bsw/system/interface/interface_lane.cpp.o[0m
[8.525s] [ 57%] [32mBuilding CXX object CMakeFiles/lane_detection.dir/src/lane_detection/lane_detection_node.cpp.o[0m
[9.693s] [01m[K/home/subin/subin_ws/ADS_Mission_Normal/src/bsw/system/interface/interface_lane.cpp:[m[K In member function ‘[01m[Kbool SLanes::ImportLaneCsvFile(std::string)[m[K’:
[9.693s] [01m[K/home/subin/subin_ws/ADS_Mission_Normal/src/bsw/system/interface/interface_lane.cpp:26:9:[m[K [01;35m[Kwarning: [m[Kunused variable ‘[01m[KnLaneID[m[K’ [[01;35m[K]8;;https://gcc.gnu.org/onlinedocs/gcc/Warning-Options.html#index-Wunused-variable-Wunused-variable]8;;[m[K]
[9.693s]    26 |     int [01;35m[KnLaneID[m[K = 0;
[9.693s]       |         [01;35m[K^~~~~~~[m[K
[13.887s] [01m[K/home/subin/subin_ws/ADS_Mission_Normal/src/app/simulator/src/display/display_node.cpp:[m[K In member function ‘[01m[Kvoid Display::DisplayROILanes(const LanePointDataArray&, const rclcpp::Time&)[m[K’:
[13.887s] [01m[K/home/subin/subin_ws/ADS_Mission_Normal/src/app/simulator/src/display/display_node.cpp:380:9:[m[K [01;35m[Kwarning: [m[Kunused variable ‘[01m[Kid[m[K’ [[01;35m[K]8;;https://gcc.gnu.org/onlinedocs/gcc/Warning-Options.html#index-Wunused-variable-Wunused-variable]8;;[m[K]
[13.887s]   380 |     int [01;35m[Kid[m[K = 0;
[13.887s]       |         [01;35m[K^~[m[K
[24.152s] [ 71%] [32m[1mLinking CXX executable lane_detection[0m
[25.048s] [ 71%] Built target lane_detection
[28.519s] [ 85%] [32m[1mLinking CXX executable vehicle[0m
[29.685s] [ 85%] Built target vehicle
[41.818s] [100%] [32m[1mLinking CXX executable display[0m
[43.289s] [100%] Built target display
[43.300s] Invoked command in '/home/subin/subin_ws/ADS_Mission_Normal/build/simulator' returned '0': AMENT_PREFIX_PATH=/home/subin/subin_ws/ADS_Mission_Normal/install/ad_msgs:${AMENT_PREFIX_PATH} CMAKE_PREFIX_PATH=/home/subin/subin_ws/ADS_Mission_Normal/install/ad_msgs:/home/subin/subin_ws/Autonomous_Driving_Software_Final/install/simulator:/home/subin/subin_ws/Autonomous_Driving_Software_Final/install/mission_manager:/home/subin/subin_ws/Autonomous_Driving_Software_Final/install/evaluation:/home/subin/subin_ws/Autonomous_Driving_Software_Final/install/autonomous_driving:/home/subin/subin_ws/Autonomous_Driving_Software_Final/install/ad_msgs:/home/subin/subin_ws/ADS_Final_MissionHard/install/simulator:/home/subin/subin_ws/ADS_Final_MissionHard/install/mission_manager:/home/subin/subin_ws/ADS_Final_MissionHard/install/evaluation:/home/subin/subin_ws/ADS_Final_MissionHard/install/autonomous_driving:/home/subin/subin_ws/ADS_Final_MissionHard/install/ad_msgs:/opt/ros/humble LD_LIBRARY_PATH=/home/subin/subin_ws/ADS_Mission_Normal/install/ad_msgs/lib:${LD_LIBRARY_PATH} PYTHONPATH=/home/subin/subin_ws/ADS_Mission_Normal/install/ad_msgs/local/lib/python3.10/dist-packages:${PYTHONPATH} /usr/bin/cmake --build /home/subin/subin_ws/ADS_Mission_Normal/build/simulator -- -j22 -l22
[43.302s] Invoking command in '/home/subin/subin_ws/ADS_Mission_Normal/build/simulator': AMENT_PREFIX_PATH=/home/subin/subin_ws/ADS_Mission_Normal/install/ad_msgs:${AMENT_PREFIX_PATH} CMAKE_PREFIX_PATH=/home/subin/subin_ws/ADS_Mission_Normal/install/ad_msgs:/home/subin/subin_ws/Autonomous_Driving_Software_Final/install/simulator:/home/subin/subin_ws/Autonomous_Driving_Software_Final/install/mission_manager:/home/subin/subin_ws/Autonomous_Driving_Software_Final/install/evaluation:/home/subin/subin_ws/Autonomous_Driving_Software_Final/install/autonomous_driving:/home/subin/subin_ws/Autonomous_Driving_Software_Final/install/ad_msgs:/home/subin/subin_ws/ADS_Final_MissionHard/install/simulator:/home/subin/subin_ws/ADS_Final_MissionHard/install/mission_manager:/home/subin/subin_ws/ADS_Final_MissionHard/install/evaluation:/home/subin/subin_ws/ADS_Final_MissionHard/install/autonomous_driving:/home/subin/subin_ws/ADS_Final_MissionHard/install/ad_msgs:/opt/ros/humble LD_LIBRARY_PATH=/home/subin/subin_ws/ADS_Mission_Normal/install/ad_msgs/lib:${LD_LIBRARY_PATH} PYTHONPATH=/home/subin/subin_ws/ADS_Mission_Normal/install/ad_msgs/local/lib/python3.10/dist-packages:${PYTHONPATH} /usr/bin/cmake --install /home/subin/subin_ws/ADS_Mission_Normal/build/simulator
[43.307s] -- Install configuration: ""
[43.308s] -- Installing: /home/subin/subin_ws/ADS_Mission_Normal/install/simulator/lib/simulator/vehicle
[43.311s] -- Set runtime path of "/home/subin/subin_ws/ADS_Mission_Normal/install/simulator/lib/simulator/vehicle" to ""
[43.311s] -- Installing: /home/subin/subin_ws/ADS_Mission_Normal/install/simulator/lib/simulator/lane_detection
[43.314s] -- Set runtime path of "/home/subin/subin_ws/ADS_Mission_Normal/install/simulator/lib/simulator/lane_detection" to ""
[43.314s] -- Installing: /home/subin/subin_ws/ADS_Mission_Normal/install/simulator/lib/simulator/display
[43.324s] -- Set runtime path of "/home/subin/subin_ws/ADS_Mission_Normal/install/simulator/lib/simulator/display" to ""
[43.324s] -- Installing: /home/subin/subin_ws/ADS_Mission_Normal/install/simulator/share/simulator/launch
[43.325s] -- Installing: /home/subin/subin_ws/ADS_Mission_Normal/install/simulator/share/simulator/launch/simulation.launch.xml
[43.326s] -- Installing: /home/subin/subin_ws/ADS_Mission_Normal/install/simulator/share/ament_index/resource_index/package_run_dependencies/simulator
[43.326s] -- Installing: /home/subin/subin_ws/ADS_Mission_Normal/install/simulator/share/ament_index/resource_index/parent_prefix_path/simulator
[43.326s] -- Installing: /home/subin/subin_ws/ADS_Mission_Normal/install/simulator/share/simulator/environment/ament_prefix_path.sh
[43.327s] -- Installing: /home/subin/subin_ws/ADS_Mission_Normal/install/simulator/share/simulator/environment/ament_prefix_path.dsv
[43.327s] -- Installing: /home/subin/subin_ws/ADS_Mission_Normal/install/simulator/share/simulator/environment/path.sh
[43.327s] -- Installing: /home/subin/subin_ws/ADS_Mission_Normal/install/simulator/share/simulator/environment/path.dsv
[43.327s] -- Installing: /home/subin/subin_ws/ADS_Mission_Normal/install/simulator/share/simulator/local_setup.bash
[43.327s] -- Installing: /home/subin/subin_ws/ADS_Mission_Normal/install/simulator/share/simulator/local_setup.sh
[43.327s] -- Installing: /home/subin/subin_ws/ADS_Mission_Normal/install/simulator/share/simulator/local_setup.zsh
[43.327s] -- Installing: /home/subin/subin_ws/ADS_Mission_Normal/install/simulator/share/simulator/local_setup.dsv
[43.327s] -- Installing: /home/subin/subin_ws/ADS_Mission_Normal/install/simulator/share/simulator/package.dsv
[43.327s] -- Installing: /home/subin/subin_ws/ADS_Mission_Normal/install/simulator/share/ament_index/resource_index/packages/simulator
[43.328s] -- Installing: /home/subin/subin_ws/ADS_Mission_Normal/install/simulator/share/simulator/cmake/simulatorConfig.cmake
[43.328s] -- Installing: /home/subin/subin_ws/ADS_Mission_Normal/install/simulator/share/simulator/cmake/simulatorConfig-version.cmake
[43.328s] -- Installing: /home/subin/subin_ws/ADS_Mission_Normal/install/simulator/share/simulator/package.xml
[43.331s] Invoked command in '/home/subin/subin_ws/ADS_Mission_Normal/build/simulator' returned '0': AMENT_PREFIX_PATH=/home/subin/subin_ws/ADS_Mission_Normal/install/ad_msgs:${AMENT_PREFIX_PATH} CMAKE_PREFIX_PATH=/home/subin/subin_ws/ADS_Mission_Normal/install/ad_msgs:/home/subin/subin_ws/Autonomous_Driving_Software_Final/install/simulator:/home/subin/subin_ws/Autonomous_Driving_Software_Final/install/mission_manager:/home/subin/subin_ws/Autonomous_Driving_Software_Final/install/evaluation:/home/subin/subin_ws/Autonomous_Driving_Software_Final/install/autonomous_driving:/home/subin/subin_ws/Autonomous_Driving_Software_Final/install/ad_msgs:/home/subin/subin_ws/ADS_Final_MissionHard/install/simulator:/home/subin/subin_ws/ADS_Final_MissionHard/install/mission_manager:/home/subin/subin_ws/ADS_Final_MissionHard/install/evaluation:/home/subin/subin_ws/ADS_Final_MissionHard/install/autonomous_driving:/home/subin/subin_ws/ADS_Final_MissionHard/install/ad_msgs:/opt/ros/humble LD_LIBRARY_PATH=/home/subin/subin_ws/ADS_Mission_Normal/install/ad_msgs/lib:${LD_LIBRARY_PATH} PYTHONPATH=/home/subin/subin_ws/ADS_Mission_Normal/install/ad_msgs/local/lib/python3.10/dist-packages:${PYTHONPATH} /usr/bin/cmake --install /home/subin/subin_ws/ADS_Mission_Normal/build/simulator
